 
****************************************
Report : timing
        -path full
        -delay max
        -max_paths 1
Design : MyDesign
Version: T-2022.03-SP4
Date   : Wed Dec  6 12:59:55 2023
****************************************

Operating Conditions: slow   Library: NangateOpenCellLibrary_PDKv1_2_v2008_10_slow_nldm
Wire Load Model Mode: top

  Startpoint: current_state_reg[4]
              (rising edge-triggered flip-flop clocked by clk)
  Endpoint: accumulate_real_reg[50]
            (rising edge-triggered flip-flop clocked by clk)
  Path Group: clk
  Path Type: max

  Point                                                   Incr       Path
  --------------------------------------------------------------------------
  clock clk (rise edge)                                 0.0000     0.0000
  clock network delay (ideal)                           0.0000     0.0000
  current_state_reg[4]/CK (DFF_X1)                      0.0000     0.0000 r
  current_state_reg[4]/QN (DFF_X1)                      0.7337     0.7337 r
  U10827/ZN (NAND2_X1)                                  0.1856     0.9193 f
  U11121/ZN (AOI221_X1)                                 0.6200     1.5394 r
  U11122/ZN (OR2_X2)                                    0.8803     2.4197 r
  U11173/ZN (INV_X1)                                    0.4407     2.8603 f
  U10178/ZN (INV_X16)                                   0.4734     3.3337 r
  U9844/ZN (OR2_X1)                                     0.2157     3.5494 r
  U11685/ZN (AND2_X1)                                   0.6071     4.1565 r
  U11686/ZN (INV_X1)                                    0.3730     4.5295 f
  U10549/ZN (INV_X2)                                    0.6660     5.1955 r
  U11689/ZN (NAND2_X1)                                  0.1675     5.3630 f
  U34040/ZN (OAI21_X1)                                  0.4058     5.7687 r
  U34041/ZN (INV_X1)                                    0.0803     5.8490 f
  U34042/ZN (OAI211_X1)                                 0.3227     6.1717 r
  U34043/ZN (NOR2_X1)                                   0.1597     6.3313 f
  U34044/ZN (AOI21_X1)                                  0.4744     6.8058 r
  U34045/Z (XOR2_X1)                                    0.1900     6.9957 f
  U34046/ZN (AOI211_X1)                                 0.7070     7.7027 r
  U35373/ZN (AOI21_X1)                                  0.2195     7.9222 f
  intadd_327/U4/CO (FA_X1)                              0.5322     8.4544 f
  intadd_327/U3/CO (FA_X1)                              0.5172     8.9716 f
  intadd_327/U2/CO (FA_X1)                              0.5151     9.4867 f
  U20714/ZN (OAI21_X1)                                  0.3309     9.8175 r
  U20715/ZN (AOI21_X1)                                  0.1379     9.9554 f
  U20716/ZN (NAND2_X1)                                  0.1935    10.1489 r
  U20717/ZN (INV_X1)                                    0.0580    10.2069 f
  U20718/ZN (NOR2_X1)                                   0.2665    10.4735 r
  U20719/Z (XOR2_X1)                                    0.4820    10.9554 r
  U20720/ZN (NAND2_X1)                                  0.1391    11.0946 f
  U20742/ZN (NAND2_X1)                                  0.1998    11.2944 r
  U20743/ZN (NAND3_X1)                                  0.1441    11.4385 f
  U20744/ZN (OAI21_X1)                                  0.2673    11.7058 r
  U20745/ZN (INV_X1)                                    0.1100    11.8158 f
  U33900/CO (FA_X1)                                     0.4899    12.3058 f
  U20750/CO (FA_X1)                                     0.5339    12.8397 f
  U35070/S (FA_X1)                                      1.3344    14.1741 r
  U9167/Z (BUF_X1)                                      0.5964    14.7705 r
  U38211/ZN (OAI22_X1)                                  0.2434    15.0139 f
  U38212/ZN (AOI21_X1)                                  0.4185    15.4323 r
  U38213/ZN (OAI21_X1)                                  0.1828    15.6151 f
  U38214/ZN (XNOR2_X1)                                  0.3504    15.9655 f
  intadd_8/U35/CO (FA_X1)                               0.6309    16.5964 f
  intadd_8/U34/CO (FA_X1)                               0.5172    17.1136 f
  intadd_8/U33/CO (FA_X1)                               0.5172    17.6309 f
  intadd_8/U32/CO (FA_X1)                               0.5172    18.1481 f
  intadd_8/U31/CO (FA_X1)                               0.5172    18.6653 f
  intadd_8/U30/CO (FA_X1)                               0.5172    19.1826 f
  intadd_8/U29/CO (FA_X1)                               0.5172    19.6998 f
  intadd_8/U28/CO (FA_X1)                               0.5172    20.2171 f
  intadd_8/U27/CO (FA_X1)                               0.5172    20.7343 f
  intadd_8/U26/CO (FA_X1)                               0.5172    21.2516 f
  intadd_8/U25/CO (FA_X1)                               0.5172    21.7688 f
  intadd_8/U24/CO (FA_X1)                               0.5172    22.2861 f
  intadd_8/U23/CO (FA_X1)                               0.5172    22.8033 f
  intadd_8/U22/CO (FA_X1)                               0.5172    23.3205 f
  intadd_8/U21/CO (FA_X1)                               0.5172    23.8378 f
  intadd_8/U20/CO (FA_X1)                               0.5172    24.3550 f
  intadd_8/U19/CO (FA_X1)                               0.5172    24.8723 f
  intadd_8/U18/CO (FA_X1)                               0.5172    25.3895 f
  intadd_8/U17/CO (FA_X1)                               0.5172    25.9068 f
  intadd_8/U16/CO (FA_X1)                               0.5172    26.4240 f
  intadd_8/U15/CO (FA_X1)                               0.5172    26.9413 f
  intadd_8/U14/CO (FA_X1)                               0.5172    27.4585 f
  intadd_8/U13/CO (FA_X1)                               0.5172    27.9757 f
  intadd_8/U12/CO (FA_X1)                               0.5172    28.4930 f
  intadd_8/U11/CO (FA_X1)                               0.5172    29.0102 f
  intadd_8/U10/CO (FA_X1)                               0.5172    29.5275 f
  intadd_8/U9/CO (FA_X1)                                0.5172    30.0447 f
  intadd_8/U8/CO (FA_X1)                                0.5172    30.5620 f
  intadd_8/U7/CO (FA_X1)                                0.5172    31.0792 f
  intadd_8/U6/CO (FA_X1)                                0.5172    31.5965 f
  intadd_8/U5/CO (FA_X1)                                0.5172    32.1137 f
  intadd_8/U4/CO (FA_X1)                                0.5172    32.6309 f
  intadd_8/U3/CO (FA_X1)                                0.5172    33.1482 f
  intadd_8/U2/S (FA_X1)                                 0.8374    33.9856 r
  intadd_5/U3/CO (FA_X1)                                0.3948    34.3804 r
  intadd_5/U2/CO (FA_X1)                                0.2919    34.6722 r
  U32754/ZN (INV_X1)                                    0.0930    34.7652 f
  intadd_1/U49/CO (FA_X1)                               0.5633    35.3285 f
  intadd_1/U48/CO (FA_X1)                               0.5172    35.8458 f
  intadd_1/U47/CO (FA_X1)                               0.5172    36.3630 f
  intadd_1/U46/CO (FA_X1)                               0.5172    36.8803 f
  intadd_1/U45/CO (FA_X1)                               0.5172    37.3975 f
  intadd_1/U44/CO (FA_X1)                               0.5172    37.9148 f
  intadd_1/U43/CO (FA_X1)                               0.5172    38.4320 f
  intadd_1/U42/CO (FA_X1)                               0.5172    38.9492 f
  intadd_1/U41/CO (FA_X1)                               0.5172    39.4665 f
  intadd_1/U40/CO (FA_X1)                               0.5172    39.9837 f
  intadd_1/U39/CO (FA_X1)                               0.5172    40.5010 f
  intadd_1/U38/CO (FA_X1)                               0.5172    41.0182 f
  intadd_1/U37/CO (FA_X1)                               0.5172    41.5355 f
  intadd_1/U36/CO (FA_X1)                               0.5172    42.0527 f
  intadd_1/U35/CO (FA_X1)                               0.5172    42.5699 f
  intadd_1/U34/CO (FA_X1)                               0.5172    43.0872 f
  intadd_1/U33/CO (FA_X1)                               0.5172    43.6044 f
  intadd_1/U32/CO (FA_X1)                               0.5172    44.1217 f
  intadd_1/U31/CO (FA_X1)                               0.5172    44.6389 f
  intadd_1/U30/CO (FA_X1)                               0.5172    45.1562 f
  intadd_1/U29/CO (FA_X1)                               0.5172    45.6734 f
  intadd_1/U28/CO (FA_X1)                               0.5172    46.1906 f
  intadd_1/U27/CO (FA_X1)                               0.5172    46.7079 f
  intadd_1/U26/CO (FA_X1)                               0.5172    47.2251 f
  intadd_1/U25/CO (FA_X1)                               0.5172    47.7424 f
  intadd_1/U24/CO (FA_X1)                               0.5172    48.2596 f
  intadd_1/U23/CO (FA_X1)                               0.5172    48.7769 f
  intadd_1/U22/CO (FA_X1)                               0.5172    49.2941 f
  intadd_1/U21/CO (FA_X1)                               0.5172    49.8113 f
  intadd_1/U20/CO (FA_X1)                               0.5172    50.3286 f
  intadd_1/U19/CO (FA_X1)                               0.5172    50.8458 f
  intadd_1/U18/CO (FA_X1)                               0.5172    51.3631 f
  intadd_1/U17/CO (FA_X1)                               0.5172    51.8803 f
  intadd_1/U16/CO (FA_X1)                               0.5172    52.3975 f
  intadd_1/U15/CO (FA_X1)                               0.5172    52.9148 f
  intadd_1/U14/CO (FA_X1)                               0.5172    53.4320 f
  intadd_1/U13/CO (FA_X1)                               0.5172    53.9493 f
  intadd_1/U12/CO (FA_X1)                               0.5172    54.4665 f
  intadd_1/U11/CO (FA_X1)                               0.5172    54.9838 f
  intadd_1/U10/CO (FA_X1)                               0.5172    55.5010 f
  intadd_1/U9/CO (FA_X1)                                0.5172    56.0182 f
  intadd_1/U8/CO (FA_X1)                                0.5172    56.5355 f
  intadd_1/U7/CO (FA_X1)                                0.5172    57.0527 f
  intadd_1/U6/CO (FA_X1)                                0.5172    57.5700 f
  intadd_1/U5/CO (FA_X1)                                0.5172    58.0872 f
  intadd_1/U4/CO (FA_X1)                                0.5172    58.6045 f
  intadd_1/U3/CO (FA_X1)                                0.5172    59.1217 f
  intadd_1/U2/CO (FA_X1)                                0.5133    59.6350 f
  U20948/ZN (INV_X1)                                    0.1184    59.7534 r
  U20951/ZN (NAND2_X1)                                  0.0623    59.8157 f
  U20961/ZN (NAND3_X1)                                  0.1542    59.9699 r
  U20963/ZN (XNOR2_X1)                                  0.4445    60.4144 r
  U20966/ZN (NAND2_X1)                                  0.1110    60.5254 f
  U20973/ZN (NAND3_X1)                                  0.3177    60.8432 r
  U20982/Z (MUX2_X1)                                    0.3069    61.1501 r
  U20985/ZN (AND2_X1)                                   0.2343    61.3844 r
  U21003/ZN (NAND2_X1)                                  0.0833    61.4677 f
  U21326/ZN (AND2_X1)                                   0.1830    61.6507 f
  U21452/ZN (NAND2_X1)                                  0.1064    61.7571 r
  U21808/ZN (AND3_X1)                                   0.2293    61.9864 r
  U21809/ZN (AND2_X1)                                   0.2065    62.1929 r
  U21983/ZN (AND2_X1)                                   0.2050    62.3978 r
  U22023/ZN (NAND2_X1)                                  0.0958    62.4936 f
  U22068/ZN (NOR2_X1)                                   0.2262    62.7198 r
  U22105/ZN (NAND2_X1)                                  0.1241    62.8439 f
  U22150/ZN (NOR2_X1)                                   0.2763    63.1202 r
  U22238/ZN (AND3_X1)                                   0.2706    63.3908 r
  U22273/ZN (AND2_X1)                                   0.2410    63.6318 r
  U22353/ZN (AND3_X1)                                   0.2658    63.8977 r
  U22392/ZN (AND2_X1)                                   0.2162    64.1139 r
  U22426/ZN (NAND2_X1)                                  0.0966    64.2104 f
  U22462/ZN (OR2_X1)                                    0.2344    64.4448 f
  U22478/ZN (OR2_X1)                                    0.2463    64.6912 f
  U22499/ZN (NOR2_X1)                                   0.2283    64.9194 r
  U22515/ZN (NAND2_X1)                                  0.1240    65.0435 f
  U22534/ZN (NOR2_X1)                                   0.2342    65.2776 r
  U22552/ZN (AND2_X1)                                   0.2603    65.5379 r
  U22576/ZN (AND3_X1)                                   0.2680    65.8060 r
  U22611/ZN (AND3_X1)                                   0.2421    66.0481 r
  U22627/ZN (NAND2_X1)                                  0.0978    66.1459 f
  U22638/ZN (NOR2_X1)                                   0.2666    66.4125 r
  U22671/ZN (AND3_X1)                                   0.2706    66.6831 r
  U22688/ZN (AND2_X1)                                   0.2066    66.8897 r
  U22699/ZN (AND2_X1)                                   0.2042    67.0939 r
  U22717/ZN (AND2_X1)                                   0.2118    67.3057 r
  U22734/ZN (NAND2_X1)                                  0.1086    67.4143 f
  U22750/ZN (OR2_X1)                                    0.2408    67.6550 f
  U22764/ZN (OR2_X1)                                    0.2334    67.8884 f
  U22781/ZN (NOR2_X1)                                   0.2241    68.1125 r
  U22797/ZN (AND2_X1)                                   0.2328    68.3453 r
  U22815/ZN (AND2_X1)                                   0.2050    68.5503 r
  U22823/ZN (NAND2_X1)                                  0.0955    68.6458 f
  U22838/ZN (NOR2_X1)                                   0.2271    68.8729 r
  U22856/ZN (NAND2_X1)                                  0.1255    68.9984 f
  U22873/ZN (OR2_X1)                                    0.2450    69.2433 f
  U22885/ZN (OR2_X1)                                    0.2346    69.4779 f
  U22898/ZN (OR2_X1)                                    0.2333    69.7113 f
  U22912/ZN (NOR2_X1)                                   0.2241    69.9354 r
  U22927/ZN (AND2_X1)                                   0.2334    70.1688 r
  U22937/ZN (NAND2_X1)                                  0.0968    70.2655 f
  U22952/ZN (OR2_X1)                                    0.2343    70.4998 f
  U22966/ZN (OR2_X1)                                    0.2453    70.7451 f
  U22992/ZN (OR2_X1)                                    0.2493    70.9944 f
  U23023/ZN (OR3_X1)                                    0.3097    71.3041 f
  U23040/ZN (XNOR2_X1)                                  0.2628    71.5669 r
  U23041/ZN (OR2_X1)                                    0.1924    71.7594 r
  U23081/ZN (NAND2_X1)                                  0.0743    71.8337 f
  U23084/ZN (OR2_X1)                                    0.2142    72.0479 f
  U10607/ZN (NAND2_X2)                                  0.6902    72.7381 r
  U23253/ZN (NAND2_X1)                                  0.1824    72.9205 f
  U23254/ZN (AND4_X1)                                   0.4555    73.3760 f
  U23255/ZN (AND4_X1)                                   0.3879    73.7638 f
  U23335/ZN (AND4_X1)                                   0.3126    74.0764 f
  U23420/ZN (OR2_X1)                                    0.2109    74.2873 f
  U23432/ZN (NAND2_X1)                                  0.1806    74.4679 r
  U25990/ZN (XNOR2_X1)                                  0.3229    74.7908 r
  U25991/ZN (NAND2_X1)                                  0.1250    74.9158 f
  U25996/ZN (AOI222_X1)                                 0.9109    75.8267 r
  U26000/ZN (AOI222_X1)                                 0.3564    76.1830 f
  U26003/ZN (AOI222_X1)                                 0.9827    77.1657 r
  U26007/ZN (AOI21_X1)                                  0.1624    77.3281 f
  U26008/ZN (AOI21_X1)                                  0.4542    77.7823 r
  U26013/ZN (OAI21_X1)                                  0.1297    77.9120 f
  U26014/ZN (OAI21_X1)                                  0.2729    78.1849 r
  U26018/ZN (AOI222_X1)                                 0.2327    78.4176 f
  U26027/ZN (AOI222_X1)                                 0.8028    79.2204 r
  U26034/ZN (NOR2_X1)                                   0.1268    79.3472 f
  U26043/ZN (OAI21_X1)                                  0.2887    79.6358 r
  U26052/ZN (NAND3_X1)                                  0.1029    79.7388 f
  U26057/ZN (AOI21_X1)                                  0.3930    80.1317 r
  U9121/ZN (INV_X8)                                     0.2800    80.4118 f
  U26058/ZN (INV_X4)                                    0.6870    81.0987 r
  U26062/ZN (NAND2_X1)                                  0.1129    81.2116 f
  U26063/ZN (AND2_X1)                                   0.3406    81.5522 f
  intadd_130/U8/CO (FA_X1)                              0.5793    82.1315 f
  intadd_130/U7/CO (FA_X1)                              0.5173    82.6488 f
  intadd_130/U6/CO (FA_X1)                              0.5172    83.1660 f
  intadd_130/U5/CO (FA_X1)                              0.5172    83.6832 f
  intadd_130/U4/CO (FA_X1)                              0.5172    84.2005 f
  intadd_130/U3/CO (FA_X1)                              0.5172    84.7177 f
  intadd_130/U2/CO (FA_X1)                              0.4873    85.2050 f
  U26125/ZN (AOI21_X1)                                  0.2437    85.4488 r
  U26136/ZN (INV_X1)                                    0.0758    85.5245 f
  U26138/ZN (NAND2_X1)                                  0.1132    85.6377 r
  U26139/ZN (AND3_X1)                                   0.2925    85.9303 r
  U26142/ZN (AND2_X1)                                   0.4357    86.3660 r
  U26606/ZN (AND2_X1)                                   0.7204    87.0864 r
  U26607/ZN (INV_X1)                                    0.4526    87.5390 f
  U26703/ZN (OAI222_X1)                                 0.5627    88.1016 r
  U26704/Z (XOR2_X1)                                    0.2159    88.3176 f
  U26705/ZN (AND2_X1)                                   0.3050    88.6226 f
  U26739/ZN (AND2_X1)                                   0.1848    88.8074 f
  U26842/ZN (AND2_X1)                                   0.1847    88.9921 f
  U26939/ZN (AND2_X1)                                   0.1848    89.1769 f
  U26969/ZN (AND2_X1)                                   0.1844    89.3614 f
  U27001/ZN (AND2_X1)                                   0.1847    89.5460 f
  U27031/ZN (AND2_X1)                                   0.1844    89.7305 f
  U27062/ZN (AND2_X1)                                   0.1847    89.9151 f
  U27091/ZN (AND2_X1)                                   0.1848    90.0999 f
  U27117/ZN (AND2_X1)                                   0.1848    90.2847 f
  U27146/ZN (AND2_X1)                                   0.1848    90.4695 f
  U27175/ZN (AND2_X1)                                   0.1848    90.6543 f
  U27205/ZN (AND2_X1)                                   0.1848    90.8391 f
  U27212/ZN (AND2_X1)                                   0.1847    91.0238 f
  U27240/ZN (AND2_X1)                                   0.1847    91.2085 f
  U27268/ZN (AND2_X1)                                   0.1847    91.3932 f
  U27273/ZN (AND2_X1)                                   0.1847    91.5779 f
  U27278/ZN (AND2_X1)                                   0.1847    91.7626 f
  U27283/ZN (AND2_X1)                                   0.1843    91.9469 f
  U27288/ZN (AND2_X1)                                   0.1842    92.1312 f
  U27294/ZN (AND2_X1)                                   0.1846    92.3157 f
  U27299/ZN (AND2_X1)                                   0.1847    92.5004 f
  U27304/ZN (AND2_X1)                                   0.1843    92.6848 f
  U27309/ZN (AND2_X1)                                   0.1842    92.8690 f
  U27314/ZN (AND2_X1)                                   0.1846    93.0536 f
  U27319/ZN (AND2_X1)                                   0.1847    93.2383 f
  U27324/ZN (AND2_X1)                                   0.1847    93.4230 f
  U27329/ZN (AND2_X1)                                   0.1843    93.6073 f
  U27335/ZN (AND2_X1)                                   0.1846    93.7919 f
  U27432/ZN (AND2_X1)                                   0.1847    93.9766 f
  U27438/ZN (AND2_X1)                                   0.1844    94.1611 f
  U27451/ZN (AND2_X1)                                   0.1842    94.3453 f
  U27460/ZN (AND2_X1)                                   0.1846    94.5299 f
  U27572/ZN (AND2_X1)                                   0.1847    94.7146 f
  U27575/ZN (AND2_X1)                                   0.1844    94.8990 f
  U27578/ZN (AND2_X1)                                   0.1847    95.0837 f
  U27581/ZN (AND2_X1)                                   0.1844    95.2681 f
  U27584/ZN (AND2_X1)                                   0.1847    95.4528 f
  U27587/ZN (AND2_X1)                                   0.1848    95.6376 f
  U27590/ZN (AND2_X1)                                   0.1848    95.8224 f
  U27593/ZN (AND2_X1)                                   0.1844    96.0068 f
  U27600/ZN (AND2_X1)                                   0.1847    96.1915 f
  U27607/ZN (AND2_X1)                                   0.1847    96.3762 f
  U27614/ZN (AND2_X1)                                   0.1847    96.5609 f
  U27619/ZN (AND2_X1)                                   0.1843    96.7452 f
  U27624/ZN (AND2_X1)                                   0.1842    96.9295 f
  U27629/ZN (AND2_X1)                                   0.1847    97.1141 f
  U27634/ZN (AND2_X1)                                   0.1847    97.2988 f
  U27639/ZN (AND2_X1)                                   0.1847    97.4835 f
  U27645/ZN (AND2_X1)                                   0.1847    97.6682 f
  U27652/ZN (AND2_X1)                                   0.1847    97.8529 f
  U27659/ZN (AND2_X1)                                   0.1843    98.0373 f
  U27664/ZN (AND2_X1)                                   0.1842    98.2215 f
  U27669/ZN (AND2_X1)                                   0.1842    98.4057 f
  U27674/ZN (AND2_X1)                                   0.1846    98.5903 f
  U27679/ZN (AND2_X1)                                   0.1847    98.7750 f
  U27686/ZN (AND2_X1)                                   0.1843    98.9594 f
  U27691/ZN (AND2_X1)                                   0.1842    99.1436 f
  U27696/ZN (AND2_X1)                                   0.1846    99.3282 f
  U27701/ZN (AND2_X1)                                   0.1847    99.5129 f
  U27708/ZN (AND2_X1)                                   0.1843    99.6972 f
  U27713/ZN (AND2_X1)                                   0.1842    99.8814 f
  U27718/ZN (AND2_X1)                                   0.1842   100.0657 f
  U27723/ZN (AND2_X1)                                   0.1846   100.2502 f
  U27726/ZN (AND2_X1)                                   0.1847   100.4349 f
  U27729/ZN (AND2_X1)                                   0.1848   100.6197 f
  U27732/ZN (AND2_X1)                                   0.1843   100.8041 f
  U27735/ZN (AND2_X1)                                   0.1843   100.9884 f
  U27738/ZN (AND2_X1)                                   0.1847   101.1731 f
  U27741/ZN (AND2_X1)                                   0.1848   101.3579 f
  U27744/ZN (AND2_X1)                                   0.1848   101.5427 f
  U27747/ZN (AND2_X1)                                   0.1844   101.7271 f
  U27750/ZN (AND2_X1)                                   0.1847   101.9118 f
  U27753/ZN (AND2_X1)                                   0.1844   102.0962 f
  U27756/ZN (AND2_X1)                                   0.1847   102.2809 f
  U27759/ZN (AND2_X1)                                   0.1848   102.4657 f
  U27764/ZN (AND2_X1)                                   0.1848   102.6505 f
  U27769/ZN (AND2_X1)                                   0.1847   102.8352 f
  U27774/ZN (AND2_X1)                                   0.1843   103.0195 f
  U27779/ZN (AND2_X1)                                   0.1842   103.2037 f
  U27784/ZN (AND2_X1)                                   0.1846   103.3883 f
  U27789/ZN (AND2_X1)                                   0.1847   103.5730 f
  U27794/ZN (AND2_X1)                                   0.1847   103.7577 f
  U27799/ZN (AND2_X1)                                   0.1843   103.9421 f
  U27805/ZN (AND2_X1)                                   0.1842   104.1263 f
  U27811/ZN (AND2_X1)                                   0.1842   104.3105 f
  U27817/ZN (AND2_X1)                                   0.1842   104.4947 f
  U27823/ZN (AND2_X1)                                   0.1846   104.6793 f
  U27828/ZN (AND2_X1)                                   0.1847   104.8640 f
  U27833/ZN (AND2_X1)                                   0.1847   105.0487 f
  U27838/ZN (AND2_X1)                                   0.1847   105.2334 f
  U27843/ZN (AND2_X1)                                   0.1843   105.4178 f
  U27848/ZN (AND2_X1)                                   0.1846   105.6023 f
  U27851/ZN (AND2_X1)                                   0.1847   105.7870 f
  U27856/ZN (AND2_X1)                                   0.1848   105.9718 f
  U27861/ZN (AND2_X1)                                   0.1843   106.1562 f
  U27866/ZN (AND2_X1)                                   0.1842   106.3404 f
  U27870/ZN (AND2_X1)                                   0.1846   106.5250 f
  U27873/ZN (AND2_X1)                                   0.1848   106.7098 f
  U27876/ZN (AND2_X1)                                   0.1848   106.8946 f
  U27879/ZN (AND2_X1)                                   0.1848   107.0794 f
  U28069/ZN (AND2_X1)                                   0.1848   107.2642 f
  U28072/ZN (AND2_X1)                                   0.1848   107.4490 f
  U28088/ZN (AND2_X1)                                   0.1844   107.6334 f
  U28096/ZN (AND2_X1)                                   0.1843   107.8177 f
  U28116/ZN (AND2_X1)                                   0.1847   108.0024 f
  U33159/ZN (AND2_X1)                                   0.1930   108.1954 f
  FP_MAC1/U1/DP_OP_36J1_146_2270/U57/CO (FA_X1)         0.4857   108.6811 f
  FP_MAC1/U1/DP_OP_36J1_146_2270/U56/CO (FA_X1)         0.5172   109.1983 f
  FP_MAC1/U1/DP_OP_36J1_146_2270/U55/CO (FA_X1)         0.5172   109.7156 f
  FP_MAC1/U1/DP_OP_36J1_146_2270/U54/CO (FA_X1)         0.5172   110.2328 f
  FP_MAC1/U1/DP_OP_36J1_146_2270/U53/CO (FA_X1)         0.5172   110.7501 f
  FP_MAC1/U1/DP_OP_36J1_146_2270/U52/CO (FA_X1)         0.5172   111.2673 f
  FP_MAC1/U1/DP_OP_36J1_146_2270/U51/CO (FA_X1)         0.5172   111.7845 f
  FP_MAC1/U1/DP_OP_36J1_146_2270/U50/CO (FA_X1)         0.5172   112.3018 f
  FP_MAC1/U1/DP_OP_36J1_146_2270/U49/CO (FA_X1)         0.5172   112.8190 f
  FP_MAC1/U1/DP_OP_36J1_146_2270/U48/CO (FA_X1)         0.5172   113.3363 f
  FP_MAC1/U1/DP_OP_36J1_146_2270/U47/CO (FA_X1)         0.5172   113.8535 f
  FP_MAC1/U1/DP_OP_36J1_146_2270/U46/CO (FA_X1)         0.5172   114.3708 f
  FP_MAC1/U1/DP_OP_36J1_146_2270/U45/CO (FA_X1)         0.5172   114.8880 f
  FP_MAC1/U1/DP_OP_36J1_146_2270/U44/CO (FA_X1)         0.5172   115.4052 f
  FP_MAC1/U1/DP_OP_36J1_146_2270/U43/CO (FA_X1)         0.5172   115.9225 f
  FP_MAC1/U1/DP_OP_36J1_146_2270/U42/CO (FA_X1)         0.5172   116.4397 f
  FP_MAC1/U1/DP_OP_36J1_146_2270/U41/CO (FA_X1)         0.5172   116.9570 f
  FP_MAC1/U1/DP_OP_36J1_146_2270/U40/CO (FA_X1)         0.5172   117.4742 f
  FP_MAC1/U1/DP_OP_36J1_146_2270/U39/CO (FA_X1)         0.5172   117.9914 f
  FP_MAC1/U1/DP_OP_36J1_146_2270/U38/CO (FA_X1)         0.5172   118.5087 f
  FP_MAC1/U1/DP_OP_36J1_146_2270/U37/CO (FA_X1)         0.5172   119.0259 f
  FP_MAC1/U1/DP_OP_36J1_146_2270/U36/CO (FA_X1)         0.5172   119.5432 f
  FP_MAC1/U1/DP_OP_36J1_146_2270/U35/CO (FA_X1)         0.5172   120.0604 f
  FP_MAC1/U1/DP_OP_36J1_146_2270/U34/CO (FA_X1)         0.5172   120.5777 f
  FP_MAC1/U1/DP_OP_36J1_146_2270/U33/CO (FA_X1)         0.5172   121.0949 f
  FP_MAC1/U1/DP_OP_36J1_146_2270/U32/CO (FA_X1)         0.5172   121.6121 f
  FP_MAC1/U1/DP_OP_36J1_146_2270/U31/CO (FA_X1)         0.5172   122.1294 f
  FP_MAC1/U1/DP_OP_36J1_146_2270/U30/CO (FA_X1)         0.5172   122.6466 f
  FP_MAC1/U1/DP_OP_36J1_146_2270/U29/CO (FA_X1)         0.5172   123.1639 f
  FP_MAC1/U1/DP_OP_36J1_146_2270/U28/CO (FA_X1)         0.5172   123.6811 f
  FP_MAC1/U1/DP_OP_36J1_146_2270/U27/CO (FA_X1)         0.5172   124.1984 f
  FP_MAC1/U1/DP_OP_36J1_146_2270/U26/CO (FA_X1)         0.5172   124.7156 f
  FP_MAC1/U1/DP_OP_36J1_146_2270/U25/CO (FA_X1)         0.5172   125.2328 f
  FP_MAC1/U1/DP_OP_36J1_146_2270/U24/CO (FA_X1)         0.5172   125.7501 f
  FP_MAC1/U1/DP_OP_36J1_146_2270/U23/CO (FA_X1)         0.5172   126.2673 f
  FP_MAC1/U1/DP_OP_36J1_146_2270/U22/CO (FA_X1)         0.5172   126.7846 f
  FP_MAC1/U1/DP_OP_36J1_146_2270/U21/CO (FA_X1)         0.5172   127.3018 f
  FP_MAC1/U1/DP_OP_36J1_146_2270/U20/CO (FA_X1)         0.5172   127.8191 f
  FP_MAC1/U1/DP_OP_36J1_146_2270/U19/CO (FA_X1)         0.5173   128.3363 f
  FP_MAC1/U1/DP_OP_36J1_146_2270/U18/CO (FA_X1)         0.5172   128.8535 f
  FP_MAC1/U1/DP_OP_36J1_146_2270/U17/CO (FA_X1)         0.5172   129.3708 f
  FP_MAC1/U1/DP_OP_36J1_146_2270/U16/CO (FA_X1)         0.5172   129.8880 f
  FP_MAC1/U1/DP_OP_36J1_146_2270/U15/CO (FA_X1)         0.5172   130.4053 f
  FP_MAC1/U1/DP_OP_36J1_146_2270/U14/CO (FA_X1)         0.5172   130.9225 f
  FP_MAC1/U1/DP_OP_36J1_146_2270/U13/CO (FA_X1)         0.5172   131.4398 f
  FP_MAC1/U1/DP_OP_36J1_146_2270/U12/CO (FA_X1)         0.5172   131.9570 f
  FP_MAC1/U1/DP_OP_36J1_146_2270/U11/CO (FA_X1)         0.5172   132.4742 f
  FP_MAC1/U1/DP_OP_36J1_146_2270/U10/CO (FA_X1)         0.5172   132.9915 f
  FP_MAC1/U1/DP_OP_36J1_146_2270/U9/CO (FA_X1)          0.5172   133.5087 f
  FP_MAC1/U1/DP_OP_36J1_146_2270/U8/CO (FA_X1)          0.5172   134.0260 f
  FP_MAC1/U1/DP_OP_36J1_146_2270/U7/CO (FA_X1)          0.5172   134.5432 f
  FP_MAC1/U1/DP_OP_36J1_146_2270/U6/CO (FA_X1)          0.5172   135.0605 f
  FP_MAC1/U1/DP_OP_36J1_146_2270/U5/CO (FA_X1)          0.5040   135.5645 f
  U26711/ZN (OR2_X1)                                    0.3837   135.9482 f
  U26712/ZN (INV_X1)                                    0.7955   136.7437 r
  U9487/ZN (INV_X4)                                     0.3607   137.1044 f
  U9483/ZN (INV_X4)                                     0.4603   137.5647 r
  U27549/ZN (NAND2_X1)                                  0.1309   137.6955 f
  U27550/ZN (XNOR2_X1)                                  0.2578   137.9533 r
  U28749/ZN (INV_X1)                                    0.1281   138.0814 f
  U28750/ZN (AOI21_X1)                                  0.3840   138.4655 r
  U28752/ZN (OAI21_X1)                                  0.1276   138.5931 f
  U28754/ZN (AOI21_X1)                                  0.2061   138.7991 r
  U28756/ZN (OAI21_X1)                                  0.1276   138.9267 f
  U28758/ZN (AOI21_X1)                                  0.2061   139.1328 r
  U28760/ZN (OAI21_X1)                                  0.1276   139.2604 f
  U28761/ZN (AOI21_X1)                                  0.2061   139.4665 r
  U28762/ZN (OAI21_X1)                                  0.1276   139.5941 f
  U28763/ZN (AOI21_X1)                                  0.2238   139.8179 r
  U28764/ZN (OAI21_X1)                                  0.1276   139.9455 f
  U28766/ZN (AOI21_X1)                                  0.2228   140.1683 r
  U28768/ZN (OAI21_X1)                                  0.1276   140.2959 f
  U28769/ZN (AOI21_X1)                                  0.2061   140.5020 r
  U28770/ZN (OAI21_X1)                                  0.1276   140.6296 f
  U28771/ZN (AOI21_X1)                                  0.2228   140.8524 r
  U28772/ZN (OAI21_X1)                                  0.1276   140.9801 f
  U28774/ZN (AOI21_X1)                                  0.2228   141.2029 r
  U28776/ZN (OAI21_X1)                                  0.1276   141.3305 f
  U28778/ZN (AOI21_X1)                                  0.2061   141.5366 r
  U28780/ZN (OAI21_X1)                                  0.1276   141.6642 f
  U28781/ZN (AOI21_X1)                                  0.2061   141.8703 r
  U28783/ZN (OAI21_X1)                                  0.1243   141.9945 f
  U28784/ZN (NAND2_X1)                                  0.1299   142.1245 r
  U28785/ZN (AOI21_X1)                                  0.0953   142.2197 f
  U28786/ZN (OAI21_X1)                                  0.2167   142.4364 r
  U28787/ZN (AOI21_X1)                                  0.1169   142.5533 f
  U28788/ZN (OAI21_X1)                                  0.2197   142.7730 r
  U28789/ZN (AOI21_X1)                                  0.1169   142.8899 f
  U28790/ZN (OAI21_X1)                                  0.2091   143.0990 r
  U28791/ZN (NAND2_X1)                                  0.0934   143.1924 f
  U28792/ZN (AOI21_X1)                                  0.1963   143.3887 r
  U28793/ZN (OAI21_X1)                                  0.1276   143.5163 f
  U28794/ZN (AOI21_X1)                                  0.2061   143.7224 r
  U28795/ZN (OAI21_X1)                                  0.1276   143.8500 f
  U28796/ZN (AOI21_X1)                                  0.2173   144.0673 r
  U28797/ZN (OAI21_X1)                                  0.1276   144.1949 f
  U28798/ZN (AOI21_X1)                                  0.2231   144.4181 r
  U28799/ZN (OAI21_X1)                                  0.1276   144.5457 f
  U28800/ZN (AOI21_X1)                                  0.2061   144.7517 r
  U28801/ZN (OAI21_X1)                                  0.1276   144.8793 f
  U28802/ZN (AOI21_X1)                                  0.2178   145.0972 r
  U28803/ZN (OAI21_X1)                                  0.1276   145.2248 f
  U28804/ZN (AOI21_X1)                                  0.2239   145.4487 r
  U28805/ZN (OAI21_X1)                                  0.1276   145.5763 f
  U28806/ZN (AOI21_X1)                                  0.2061   145.7823 r
  U28807/ZN (OAI21_X1)                                  0.1276   145.9099 f
  U28808/ZN (AOI21_X1)                                  0.2171   146.1270 r
  U28809/ZN (OAI21_X1)                                  0.1276   146.2546 f
  U28810/ZN (AOI21_X1)                                  0.2229   146.4775 r
  U28811/ZN (OAI21_X1)                                  0.1276   146.6051 f
  U28812/ZN (AOI21_X1)                                  0.2061   146.8112 r
  U28813/ZN (OAI21_X1)                                  0.1276   146.9388 f
  U28814/ZN (AOI21_X1)                                  0.2261   147.1649 r
  U28815/ZN (OAI21_X1)                                  0.1276   147.2926 f
  U28816/ZN (AOI21_X1)                                  0.2270   147.5195 r
  U28817/ZN (OAI21_X1)                                  0.1276   147.6472 f
  U28818/ZN (AOI21_X1)                                  0.2275   147.8746 r
  U28819/ZN (OAI21_X1)                                  0.1276   148.0023 f
  U28820/ZN (AOI21_X1)                                  0.2274   148.2296 r
  U28821/ZN (OAI21_X1)                                  0.1276   148.3572 f
  U28822/ZN (AOI21_X1)                                  0.2274   148.5846 r
  U28823/ZN (OAI21_X1)                                  0.1276   148.7122 f
  U28824/ZN (AOI21_X1)                                  0.2274   148.9397 r
  U28825/ZN (OAI21_X1)                                  0.1276   149.0673 f
  U28826/ZN (AOI21_X1)                                  0.2235   149.2908 r
  U28827/ZN (OAI21_X1)                                  0.1276   149.4184 f
  U28828/ZN (AOI21_X1)                                  0.2271   149.6455 r
  U28829/ZN (OAI21_X1)                                  0.1276   149.7731 f
  U28830/ZN (AOI21_X1)                                  0.2285   150.0016 r
  U28831/ZN (OAI21_X1)                                  0.1276   150.1292 f
  U28832/ZN (AOI21_X1)                                  0.2277   150.3569 r
  U28833/ZN (OAI21_X1)                                  0.1225   150.4795 f
  U28834/ZN (NAND2_X1)                                  0.1960   150.6754 r
  U28835/ZN (AOI21_X1)                                  0.0952   150.7707 f
  U28836/ZN (OAI21_X1)                                  0.2327   151.0034 r
  U28837/ZN (NAND2_X1)                                  0.1099   151.1133 f
  U28838/ZN (AOI21_X1)                                  0.2120   151.3253 r
  U28839/ZN (OAI21_X1)                                  0.1276   151.4529 f
  U28840/ZN (AOI21_X1)                                  0.2238   151.6767 r
  U28841/ZN (OAI21_X1)                                  0.1509   151.8276 f
  U28842/ZN (AOI211_X1)                                 0.5744   152.4020 r
  U28843/ZN (AOI21_X1)                                  0.2064   152.6084 f
  U28876/ZN (OAI21_X1)                                  0.2299   152.8383 r
  U28877/ZN (OAI21_X1)                                  0.1701   153.0084 f
  U28878/ZN (AOI222_X1)                                 1.0296   154.0380 r
  U28879/ZN (AOI222_X1)                                 0.3472   154.3852 f
  U28889/ZN (OAI22_X1)                                  0.2811   154.6663 r
  U28890/ZN (OR2_X1)                                    0.2471   154.9134 r
  U28895/ZN (NAND3_X1)                                  0.0671   154.9804 f
  U28898/ZN (NAND2_X1)                                  0.1063   155.0867 r
  U28900/ZN (OR2_X1)                                    0.1511   155.2378 r
  U28901/ZN (NAND2_X1)                                  0.0573   155.2951 f
  U28902/ZN (NAND2_X1)                                  0.5711   155.8662 r
  U28909/ZN (NAND2_X1)                                  0.1150   155.9812 f
  U28910/ZN (NAND2_X1)                                  0.3071   156.2883 r
  U28930/ZN (AND2_X1)                                   0.2456   156.5339 r
  U10041/ZN (AND2_X4)                                   0.1447   156.6786 r
  U10139/ZN (INV_X1)                                    0.0636   156.7423 f
  U10140/ZN (INV_X8)                                    0.3529   157.0952 r
  U28935/ZN (INV_X1)                                    0.1673   157.2624 f
  U10040/ZN (INV_X2)                                    0.5289   157.7913 r
  U29787/ZN (NAND2_X1)                                  0.1604   157.9517 f
  U29790/ZN (AND4_X1)                                   0.3872   158.3389 f
  U29850/Z (MUX2_X1)                                    0.6395   158.9784 f
  U29852/ZN (OAI21_X1)                                  0.3997   159.3781 r
  U29853/ZN (AOI222_X1)                                 0.2370   159.6151 f
  U30830/ZN (OAI22_X1)                                  0.4340   160.0491 r
  U30831/ZN (NOR2_X1)                                   0.1557   160.2048 f
  U30832/ZN (INV_X1)                                    0.1810   160.3858 r
  U30848/ZN (NAND2_X1)                                  0.1107   160.4965 f
  U30864/ZN (OR2_X1)                                    0.2401   160.7366 f
  U30865/ZN (NOR2_X1)                                   0.2843   161.0210 r
  U30870/ZN (NAND2_X1)                                  0.1299   161.1508 f
  U30871/ZN (NOR2_X1)                                   0.2964   161.4473 r
  U30888/ZN (NAND2_X1)                                  0.1295   161.5767 f
  U30889/ZN (NOR2_X1)                                   0.2986   161.8753 r
  U30900/ZN (NAND2_X1)                                  0.1290   162.0043 f
  U30901/ZN (NOR2_X1)                                   0.2971   162.3014 r
  U30916/ZN (NAND2_X1)                                  0.1291   162.4305 f
  U30917/ZN (NOR2_X1)                                   0.2986   162.7290 r
  U30929/ZN (NAND2_X1)                                  0.1296   162.8586 f
  U30930/ZN (NOR2_X1)                                   0.2963   163.1549 r
  U30950/ZN (NAND2_X1)                                  0.1290   163.2839 f
  U30951/ZN (NOR2_X1)                                   0.2973   163.5811 r
  U30961/ZN (NAND2_X1)                                  0.1286   163.7097 f
  U30962/ZN (NOR2_X1)                                   0.2960   164.0057 r
  U30977/ZN (NAND2_X1)                                  0.1292   164.1349 f
  U30978/ZN (NOR2_X1)                                   0.2953   164.4302 r
  U30984/ZN (AND2_X1)                                   0.2315   164.6617 r
  U30985/ZN (NAND2_X1)                                  0.1071   164.7688 f
  U31002/ZN (OR2_X1)                                    0.2499   165.0187 f
  U31003/ZN (NOR2_X1)                                   0.2842   165.3029 r
  U31018/ZN (NAND2_X1)                                  0.1294   165.4323 f
  U31019/ZN (NOR2_X1)                                   0.2962   165.7286 r
  U31038/ZN (NAND2_X1)                                  0.1294   165.8580 f
  U31039/ZN (NOR2_X1)                                   0.2962   166.1542 r
  U31049/ZN (NAND2_X1)                                  0.1290   166.2832 f
  U31050/ZN (NOR2_X1)                                   0.2948   166.5780 r
  U31068/ZN (NAND2_X1)                                  0.1295   166.7075 f
  U31069/ZN (OR2_X1)                                    0.3309   167.0384 f
  U31084/ZN (OR2_X1)                                    0.2370   167.2754 f
  U31085/ZN (NOR2_X1)                                   0.2842   167.5596 r
  U31103/ZN (NAND2_X1)                                  0.1295   167.6891 f
  U31104/ZN (NOR2_X1)                                   0.2986   167.9878 r
  U31110/ZN (NAND2_X1)                                  0.1290   168.1167 f
  U31111/ZN (NOR2_X1)                                   0.2961   168.4128 r
  U31126/ZN (NAND2_X1)                                  0.1290   168.5418 f
  U31127/ZN (NOR2_X1)                                   0.2966   168.8384 r
  U31144/ZN (NAND2_X1)                                  0.1290   168.9673 f
  U31145/ZN (NOR2_X1)                                   0.2961   169.2635 r
  U31161/ZN (NAND2_X1)                                  0.1295   169.3930 f
  U31162/ZN (NOR2_X1)                                   0.2954   169.6884 r
  U31180/ZN (AND2_X1)                                   0.2353   169.9237 r
  U31181/ZN (NAND2_X1)                                  0.1078   170.0315 f
  U31196/ZN (NOR2_X1)                                   0.2579   170.2894 r
  U31197/ZN (AND2_X1)                                   0.2575   170.5468 r
  U31212/ZN (NAND2_X1)                                  0.1005   170.6474 f
  U31213/ZN (NOR2_X1)                                   0.2515   170.8989 r
  U31301/ZN (NAND2_X1)                                  0.1157   171.0146 f
  U31302/Z (XOR2_X1)                                    0.3088   171.3233 f
  U31303/ZN (OAI21_X1)                                  0.2272   171.5506 r
  U31304/ZN (INV_X1)                                    0.0632   171.6138 f
  U31305/ZN (NAND2_X1)                                  0.2144   171.8282 r
  U31306/ZN (NAND2_X1)                                  0.1198   171.9480 f
  U31307/ZN (NOR2_X1)                                   0.8519   172.7999 r
  U31315/ZN (INV_X1)                                    0.2739   173.0738 f
  U10220/ZN (INV_X2)                                    0.5488   173.6227 r
  U31350/ZN (AOI22_X1)                                  0.2145   173.8372 f
  U31361/ZN (OAI22_X1)                                  0.2795   174.1166 r
  U31362/ZN (NAND2_X1)                                  0.1639   174.2805 f
  U31363/ZN (AOI222_X1)                                 0.9972   175.2778 r
  U31367/ZN (AOI222_X1)                                 0.3233   175.6011 f
  U31368/ZN (AOI222_X1)                                 1.0779   176.6790 r
  U31369/ZN (AOI222_X1)                                 0.3519   177.0310 f
  U31370/ZN (AOI222_X1)                                 0.9986   178.0296 r
  U31376/ZN (AOI221_X1)                                 0.3035   178.3331 f
  U31384/ZN (OAI221_X1)                                 0.3629   178.6960 r
  U31391/ZN (AOI22_X1)                                  0.1525   178.8485 f
  U9051/ZN (AOI221_X1)                                  0.6503   179.4988 r
  U31502/ZN (NOR4_X1)                                   0.2106   179.7095 f
  U9050/ZN (AOI221_X1)                                  0.6408   180.3503 r
  U31618/ZN (NOR4_X1)                                   0.1645   180.5148 f
  U31619/ZN (OAI21_X1)                                  0.2473   180.7622 r
  U31648/ZN (NAND2_X1)                                  0.1046   180.8667 f
  U31650/ZN (NOR2_X1)                                   0.2422   181.1089 r
  U9511/ZN (OR2_X4)                                     0.4824   181.5913 r
  U31655/ZN (INV_X1)                                    0.2940   181.8853 f
  U31656/ZN (INV_X4)                                    0.5830   182.4683 r
  U31657/ZN (OAI22_X1)                                  0.2562   182.7245 f
  U31658/ZN (INV_X1)                                    0.3764   183.1009 r
  U31832/ZN (NOR2_X1)                                   0.1499   183.2508 f
  U31833/ZN (NAND4_X1)                                  0.3453   183.5961 r
  U31834/ZN (NOR4_X1)                                   0.1837   183.7798 f
  U31835/ZN (NOR2_X1)                                   0.4045   184.1843 r
  U43468/ZN (NAND2_X1)                                  0.1660   184.3503 f
  intadd_160/U6/CO (FA_X1)                              0.5124   184.8627 f
  intadd_160/U5/CO (FA_X1)                              0.5172   185.3799 f
  intadd_160/U4/CO (FA_X1)                              0.5172   185.8972 f
  intadd_160/U3/CO (FA_X1)                              0.5172   186.4144 f
  intadd_160/U2/CO (FA_X1)                              0.4857   186.9002 f
  U31804/ZN (NOR2_X1)                                   0.2814   187.1816 r
  U31822/Z (XOR2_X1)                                    0.1624   187.3440 f
  U31823/ZN (AOI22_X1)                                  0.4306   187.7746 r
  U31824/ZN (OAI221_X1)                                 0.2376   188.0122 f
  U31825/ZN (AOI21_X1)                                  0.4066   188.4188 r
  U31826/ZN (OAI211_X1)                                 0.2116   188.6304 f
  U32056/ZN (NOR2_X1)                                   0.1969   188.8273 r
  U32058/ZN (NAND2_X1)                                  0.1235   188.9508 f
  U32106/ZN (NOR2_X1)                                   1.0599   190.0107 r
  U32107/ZN (INV_X1)                                    0.3285   190.3392 f
  U10779/ZN (INV_X1)                                    0.7279   191.0671 r
  U32112/ZN (NAND2_X1)                                  0.2933   191.3604 f
  U32167/ZN (OAI211_X1)                                 0.4116   191.7720 r
  U32168/ZN (INV_X1)                                    0.0767   191.8487 f
  U32169/ZN (AOI21_X1)                                  0.4301   192.2788 r
  U43672/CO (FA_X1)                                     0.3964   192.6752 r
  U43673/ZN (AOI21_X1)                                  0.1347   192.8099 f
  intadd_4/U53/CO (FA_X1)                               0.5136   193.3236 f
  intadd_4/U52/CO (FA_X1)                               0.5172   193.8408 f
  intadd_4/U51/CO (FA_X1)                               0.5172   194.3580 f
  intadd_4/U50/CO (FA_X1)                               0.5172   194.8753 f
  intadd_4/U49/CO (FA_X1)                               0.5172   195.3925 f
  intadd_4/U48/CO (FA_X1)                               0.5172   195.9098 f
  intadd_4/U47/CO (FA_X1)                               0.5172   196.4270 f
  intadd_4/U46/CO (FA_X1)                               0.5172   196.9443 f
  intadd_4/U45/CO (FA_X1)                               0.5172   197.4615 f
  intadd_4/U44/CO (FA_X1)                               0.5172   197.9787 f
  intadd_4/U43/CO (FA_X1)                               0.5172   198.4960 f
  intadd_4/U42/CO (FA_X1)                               0.5172   199.0132 f
  intadd_4/U41/CO (FA_X1)                               0.5172   199.5305 f
  intadd_4/U40/CO (FA_X1)                               0.5172   200.0477 f
  intadd_4/U39/CO (FA_X1)                               0.5172   200.5650 f
  intadd_4/U38/CO (FA_X1)                               0.5172   201.0822 f
  intadd_4/U37/CO (FA_X1)                               0.5172   201.5994 f
  intadd_4/U36/CO (FA_X1)                               0.5172   202.1167 f
  intadd_4/U35/CO (FA_X1)                               0.5172   202.6339 f
  intadd_4/U34/CO (FA_X1)                               0.5172   203.1512 f
  intadd_4/U33/CO (FA_X1)                               0.5172   203.6684 f
  intadd_4/U32/CO (FA_X1)                               0.5172   204.1857 f
  intadd_4/U31/CO (FA_X1)                               0.5172   204.7029 f
  intadd_4/U30/CO (FA_X1)                               0.5172   205.2201 f
  intadd_4/U29/CO (FA_X1)                               0.5172   205.7374 f
  intadd_4/U28/CO (FA_X1)                               0.5172   206.2546 f
  intadd_4/U27/CO (FA_X1)                               0.5172   206.7719 f
  intadd_4/U26/CO (FA_X1)                               0.5172   207.2891 f
  intadd_4/U25/CO (FA_X1)                               0.5172   207.8064 f
  intadd_4/U24/CO (FA_X1)                               0.5172   208.3236 f
  intadd_4/U23/CO (FA_X1)                               0.5172   208.8408 f
  intadd_4/U22/CO (FA_X1)                               0.5172   209.3581 f
  intadd_4/U21/CO (FA_X1)                               0.5172   209.8753 f
  intadd_4/U20/CO (FA_X1)                               0.5172   210.3926 f
  intadd_4/U19/CO (FA_X1)                               0.5172   210.9098 f
  intadd_4/U18/CO (FA_X1)                               0.5172   211.4270 f
  intadd_4/U17/CO (FA_X1)                               0.5172   211.9443 f
  intadd_4/U16/CO (FA_X1)                               0.5172   212.4615 f
  intadd_4/U15/CO (FA_X1)                               0.5172   212.9788 f
  intadd_4/U14/CO (FA_X1)                               0.5172   213.4960 f
  intadd_4/U13/CO (FA_X1)                               0.5172   214.0133 f
  intadd_4/U12/CO (FA_X1)                               0.5172   214.5305 f
  intadd_4/U11/CO (FA_X1)                               0.5172   215.0477 f
  intadd_4/U10/CO (FA_X1)                               0.5172   215.5650 f
  intadd_4/U9/CO (FA_X1)                                0.5172   216.0822 f
  intadd_4/U8/CO (FA_X1)                                0.5172   216.5995 f
  intadd_4/U7/CO (FA_X1)                                0.5172   217.1167 f
  intadd_4/U6/CO (FA_X1)                                0.5172   217.6340 f
  intadd_4/U5/CO (FA_X1)                                0.5172   218.1512 f
  intadd_4/U4/CO (FA_X1)                                0.5172   218.6684 f
  intadd_4/U3/CO (FA_X1)                                0.5172   219.1857 f
  intadd_4/U2/CO (FA_X1)                                0.4850   219.6707 f
  U31772/ZN (XNOR2_X1)                                  0.3248   219.9955 r
  U31773/ZN (NOR2_X1)                                   0.1453   220.1407 f
  U32241/ZN (OAI21_X1)                                  0.3235   220.4643 r
  U32260/ZN (NAND2_X1)                                  0.1028   220.5671 f
  U32261/ZN (OAI21_X1)                                  0.2310   220.7981 r
  U32262/ZN (OAI21_X1)                                  0.1701   220.9682 f
  U32263/ZN (AOI222_X1)                                 1.0160   221.9842 r
  U32273/ZN (AOI222_X1)                                 0.3233   222.3076 f
  U32274/ZN (AOI222_X1)                                 0.9980   223.3056 r
  U32275/ZN (OAI21_X1)                                  0.2545   223.5601 f
  U32278/ZN (AOI21_X1)                                  0.3190   223.8791 r
  U32279/ZN (NOR2_X1)                                   0.1160   223.9951 f
  U32280/ZN (OAI21_X1)                                  0.2246   224.2197 r
  U32281/ZN (AOI21_X1)                                  0.2044   224.4241 f
  U43740/ZN (OAI22_X1)                                  0.7422   225.1663 r
  U43746/ZN (INV_X1)                                    0.1178   225.2841 f
  U43748/ZN (OR2_X1)                                    0.5281   225.8122 f
  U9029/ZN (INV_X2)                                     0.5384   226.3507 r
  U43839/ZN (AOI22_X1)                                  0.2470   226.5976 f
  U43841/ZN (OAI211_X1)                                 0.3201   226.9177 r
  U43842/ZN (AOI22_X1)                                  0.1675   227.0853 f
  U43843/ZN (NOR2_X1)                                   0.4166   227.5019 r
  U43844/ZN (NAND2_X1)                                  0.1369   227.6388 f
  U43846/ZN (NOR2_X1)                                   0.2621   227.9009 r
  U43865/ZN (NAND2_X1)                                  0.1278   228.0287 f
  U43866/ZN (NOR2_X1)                                   0.3415   228.3702 r
  U43876/ZN (NAND2_X1)                                  0.1175   228.4877 f
  U43898/ZN (NOR2_X1)                                   0.2609   228.7486 r
  U43931/ZN (NAND3_X1)                                  0.1128   228.8614 f
  U43940/ZN (NOR2_X1)                                   0.3069   229.1683 r
  U43970/ZN (NAND2_X1)                                  0.1281   229.2964 f
  U43983/ZN (NOR2_X1)                                   0.2560   229.5524 r
  U43994/ZN (NAND2_X1)                                  0.1062   229.6586 f
  U43995/ZN (NOR2_X1)                                   0.3823   230.0409 r
  U44020/ZN (OAI221_X1)                                 0.2581   230.2990 f
  U44031/ZN (AOI21_X1)                                  0.4696   230.7686 r
  U44047/ZN (OAI21_X1)                                  0.1956   230.9642 f
  U44050/ZN (AOI21_X1)                                  0.4645   231.4286 r
  U44075/ZN (OAI21_X1)                                  0.1971   231.6257 f
  U44085/ZN (AOI21_X1)                                  0.4621   232.0878 r
  U44102/ZN (OAI21_X1)                                  0.1955   232.2833 f
  U44114/ZN (AOI21_X1)                                  0.4598   232.7431 r
  U44130/ZN (OAI21_X1)                                  0.1955   232.9386 f
  U44141/ZN (AOI21_X1)                                  0.4598   233.3984 r
  U44155/ZN (OAI21_X1)                                  0.1955   233.5940 f
  U44165/ZN (AOI21_X1)                                  0.4598   234.0537 r
  U44182/ZN (OAI21_X1)                                  0.1955   234.2493 f
  U44193/ZN (AOI21_X1)                                  0.4598   234.7091 r
  U44207/ZN (OAI21_X1)                                  0.1955   234.9046 f
  U44218/ZN (AOI21_X1)                                  0.4687   235.3733 r
  U44234/ZN (OAI21_X1)                                  0.1969   235.5702 f
  U44244/ZN (AOI21_X1)                                  0.4598   236.0300 r
  U44259/ZN (OAI21_X1)                                  0.1955   236.2255 f
  U44270/ZN (AOI21_X1)                                  0.4598   236.6853 r
  U44286/ZN (OAI21_X1)                                  0.1955   236.8808 f
  U44299/ZN (AOI21_X1)                                  0.4598   237.3406 r
  U44314/ZN (OAI21_X1)                                  0.1955   237.5362 f
  U44328/ZN (AOI21_X1)                                  0.4598   237.9959 r
  U44343/ZN (OAI21_X1)                                  0.1955   238.1915 f
  U44353/ZN (AOI21_X1)                                  0.4598   238.6513 r
  U44368/ZN (OAI21_X1)                                  0.1955   238.8468 f
  U44379/ZN (AOI21_X1)                                  0.4598   239.3066 r
  U44399/ZN (OAI21_X1)                                  0.1955   239.5021 f
  U44413/ZN (AOI21_X1)                                  0.4598   239.9619 r
  U44429/ZN (OAI21_X1)                                  0.1955   240.1574 f
  U44442/ZN (AOI21_X1)                                  0.4598   240.6172 r
  U44457/ZN (OAI21_X1)                                  0.1969   240.8142 f
  U44469/ZN (OAI21_X1)                                  0.3074   241.1216 r
  U44473/ZN (OAI211_X1)                                 0.1894   241.3110 f
  accumulate_real_reg[50]/D (DFF_X1)                    0.0000   241.3110 f
  data arrival time                                              241.3110

  clock clk (rise edge)                               800.0000   800.0000
  clock network delay (ideal)                           0.0000   800.0000
  clock uncertainty                                    -0.0500   799.9500
  accumulate_real_reg[50]/CK (DFF_X1)                   0.0000   799.9500 r
  library setup time                                   -0.3666   799.5834
  data required time                                             799.5834
  --------------------------------------------------------------------------
  data required time                                             799.5834
  data arrival time                                              -241.3110
  --------------------------------------------------------------------------
  slack (MET)                                                    558.2724


1
