Information: Updating design information... (UID-85)
 
****************************************
Report : timing
        -path full
        -delay max
        -max_paths 1
Design : MyDesign
Version: T-2022.03-SP4
Date   : Wed Dec  6 12:59:13 2023
****************************************

Operating Conditions: slow   Library: NangateOpenCellLibrary_PDKv1_2_v2008_10_slow_nldm
Wire Load Model Mode: top

  Startpoint: current_state_reg[4]
              (rising edge-triggered flip-flop clocked by clk)
  Endpoint: accumulate_real_reg[50]
            (rising edge-triggered flip-flop clocked by clk)
  Path Group: clk
  Path Type: max

  Point                                                   Incr       Path
  --------------------------------------------------------------------------
  clock clk (rise edge)                                 0.0000     0.0000
  clock network delay (ideal)                           0.0000     0.0000
  current_state_reg[4]/CK (DFF_X1)                      0.0000     0.0000 r
  current_state_reg[4]/QN (DFF_X1)                      0.7337     0.7337 r
  U10827/ZN (NAND2_X1)                                  0.1856     0.9193 f
  U11121/ZN (AOI221_X1)                                 0.6200     1.5394 r
  U11122/ZN (OR2_X2)                                    0.8803     2.4197 r
  U11173/ZN (INV_X1)                                    0.3703     2.7900 f
  U9266/ZN (INV_X8)                                     0.7666     3.5566 r
  U9844/ZN (OR2_X1)                                     0.2609     3.8175 r
  U11685/ZN (AND2_X1)                                   0.6111     4.4286 r
  U11686/ZN (INV_X1)                                    0.3730     4.8016 f
  U10549/ZN (INV_X2)                                    0.6660     5.4676 r
  U11689/ZN (NAND2_X1)                                  0.1675     5.6351 f
  U34040/ZN (OAI21_X1)                                  0.4058     6.0408 r
  U34041/ZN (INV_X1)                                    0.0803     6.1211 f
  U34042/ZN (OAI211_X1)                                 0.3227     6.4438 r
  U34043/ZN (NOR2_X1)                                   0.1597     6.6035 f
  U34044/ZN (AOI21_X1)                                  0.4744     7.0779 r
  U34045/Z (XOR2_X1)                                    0.1900     7.2678 f
  U34046/ZN (AOI211_X1)                                 0.7070     7.9748 r
  U35373/ZN (AOI21_X1)                                  0.2195     8.1943 f
  intadd_327/U4/CO (FA_X1)                              0.5322     8.7265 f
  intadd_327/U3/CO (FA_X1)                              0.5172     9.2437 f
  intadd_327/U2/CO (FA_X1)                              0.5151     9.7588 f
  U20714/ZN (OAI21_X1)                                  0.3309    10.0896 r
  U20715/ZN (AOI21_X1)                                  0.1379    10.2275 f
  U20716/ZN (NAND2_X1)                                  0.1935    10.4210 r
  U20717/ZN (INV_X1)                                    0.0580    10.4790 f
  U20718/ZN (NOR2_X1)                                   0.2665    10.7456 r
  U20719/Z (XOR2_X1)                                    0.4820    11.2276 r
  U20720/ZN (NAND2_X1)                                  0.1391    11.3667 f
  U20742/ZN (NAND2_X1)                                  0.1998    11.5665 r
  U20743/ZN (NAND3_X1)                                  0.1441    11.7106 f
  U20744/ZN (OAI21_X1)                                  0.2673    11.9779 r
  U20745/ZN (INV_X1)                                    0.1100    12.0879 f
  U33900/CO (FA_X1)                                     0.4899    12.5779 f
  U20750/CO (FA_X1)                                     0.5339    13.1118 f
  U35070/S (FA_X1)                                      1.3344    14.4462 r
  U9167/Z (BUF_X1)                                      0.5964    15.0426 r
  U38211/ZN (OAI22_X1)                                  0.2434    15.2860 f
  U38212/ZN (AOI21_X1)                                  0.4185    15.7044 r
  U38213/ZN (OAI21_X1)                                  0.1828    15.8872 f
  U38214/ZN (XNOR2_X1)                                  0.3504    16.2376 f
  intadd_8/U35/CO (FA_X1)                               0.6309    16.8685 f
  intadd_8/U34/CO (FA_X1)                               0.5172    17.3857 f
  intadd_8/U33/CO (FA_X1)                               0.5172    17.9030 f
  intadd_8/U32/CO (FA_X1)                               0.5172    18.4202 f
  intadd_8/U31/CO (FA_X1)                               0.5172    18.9375 f
  intadd_8/U30/CO (FA_X1)                               0.5172    19.4547 f
  intadd_8/U29/CO (FA_X1)                               0.5172    19.9719 f
  intadd_8/U28/CO (FA_X1)                               0.5172    20.4892 f
  intadd_8/U27/CO (FA_X1)                               0.5172    21.0064 f
  intadd_8/U26/CO (FA_X1)                               0.5172    21.5237 f
  intadd_8/U25/CO (FA_X1)                               0.5172    22.0409 f
  intadd_8/U24/CO (FA_X1)                               0.5172    22.5582 f
  intadd_8/U23/CO (FA_X1)                               0.5172    23.0754 f
  intadd_8/U22/CO (FA_X1)                               0.5172    23.5926 f
  intadd_8/U21/CO (FA_X1)                               0.5172    24.1099 f
  intadd_8/U20/CO (FA_X1)                               0.5172    24.6271 f
  intadd_8/U19/CO (FA_X1)                               0.5172    25.1444 f
  intadd_8/U18/CO (FA_X1)                               0.5172    25.6616 f
  intadd_8/U17/CO (FA_X1)                               0.5172    26.1789 f
  intadd_8/U16/CO (FA_X1)                               0.5172    26.6961 f
  intadd_8/U15/CO (FA_X1)                               0.5172    27.2134 f
  intadd_8/U14/CO (FA_X1)                               0.5172    27.7306 f
  intadd_8/U13/CO (FA_X1)                               0.5172    28.2478 f
  intadd_8/U12/CO (FA_X1)                               0.5172    28.7651 f
  intadd_8/U11/CO (FA_X1)                               0.5172    29.2823 f
  intadd_8/U10/CO (FA_X1)                               0.5172    29.7996 f
  intadd_8/U9/CO (FA_X1)                                0.5172    30.3168 f
  intadd_8/U8/CO (FA_X1)                                0.5172    30.8341 f
  intadd_8/U7/CO (FA_X1)                                0.5172    31.3513 f
  intadd_8/U6/CO (FA_X1)                                0.5172    31.8686 f
  intadd_8/U5/CO (FA_X1)                                0.5172    32.3858 f
  intadd_8/U4/CO (FA_X1)                                0.5172    32.9030 f
  intadd_8/U3/CO (FA_X1)                                0.5172    33.4203 f
  intadd_8/U2/S (FA_X1)                                 0.8374    34.2577 r
  intadd_5/U3/CO (FA_X1)                                0.3948    34.6525 r
  intadd_5/U2/CO (FA_X1)                                0.2919    34.9443 r
  U32754/ZN (INV_X1)                                    0.0930    35.0373 f
  intadd_1/U49/CO (FA_X1)                               0.5633    35.6007 f
  intadd_1/U48/CO (FA_X1)                               0.5172    36.1179 f
  intadd_1/U47/CO (FA_X1)                               0.5172    36.6351 f
  intadd_1/U46/CO (FA_X1)                               0.5172    37.1524 f
  intadd_1/U45/CO (FA_X1)                               0.5172    37.6696 f
  intadd_1/U44/CO (FA_X1)                               0.5172    38.1869 f
  intadd_1/U43/CO (FA_X1)                               0.5172    38.7041 f
  intadd_1/U42/CO (FA_X1)                               0.5172    39.2214 f
  intadd_1/U41/CO (FA_X1)                               0.5172    39.7386 f
  intadd_1/U40/CO (FA_X1)                               0.5172    40.2558 f
  intadd_1/U39/CO (FA_X1)                               0.5172    40.7731 f
  intadd_1/U38/CO (FA_X1)                               0.5172    41.2903 f
  intadd_1/U37/CO (FA_X1)                               0.5172    41.8076 f
  intadd_1/U36/CO (FA_X1)                               0.5172    42.3248 f
  intadd_1/U35/CO (FA_X1)                               0.5172    42.8420 f
  intadd_1/U34/CO (FA_X1)                               0.5172    43.3593 f
  intadd_1/U33/CO (FA_X1)                               0.5172    43.8765 f
  intadd_1/U32/CO (FA_X1)                               0.5172    44.3938 f
  intadd_1/U31/CO (FA_X1)                               0.5172    44.9110 f
  intadd_1/U30/CO (FA_X1)                               0.5172    45.4283 f
  intadd_1/U29/CO (FA_X1)                               0.5172    45.9455 f
  intadd_1/U28/CO (FA_X1)                               0.5172    46.4627 f
  intadd_1/U27/CO (FA_X1)                               0.5172    46.9800 f
  intadd_1/U26/CO (FA_X1)                               0.5172    47.4972 f
  intadd_1/U25/CO (FA_X1)                               0.5172    48.0145 f
  intadd_1/U24/CO (FA_X1)                               0.5172    48.5317 f
  intadd_1/U23/CO (FA_X1)                               0.5172    49.0490 f
  intadd_1/U22/CO (FA_X1)                               0.5172    49.5662 f
  intadd_1/U21/CO (FA_X1)                               0.5172    50.0834 f
  intadd_1/U20/CO (FA_X1)                               0.5172    50.6007 f
  intadd_1/U19/CO (FA_X1)                               0.5172    51.1179 f
  intadd_1/U18/CO (FA_X1)                               0.5172    51.6352 f
  intadd_1/U17/CO (FA_X1)                               0.5172    52.1524 f
  intadd_1/U16/CO (FA_X1)                               0.5172    52.6697 f
  intadd_1/U15/CO (FA_X1)                               0.5172    53.1869 f
  intadd_1/U14/CO (FA_X1)                               0.5172    53.7041 f
  intadd_1/U13/CO (FA_X1)                               0.5172    54.2214 f
  intadd_1/U12/CO (FA_X1)                               0.5172    54.7386 f
  intadd_1/U11/CO (FA_X1)                               0.5172    55.2559 f
  intadd_1/U10/CO (FA_X1)                               0.5172    55.7731 f
  intadd_1/U9/CO (FA_X1)                                0.5172    56.2904 f
  intadd_1/U8/CO (FA_X1)                                0.5172    56.8076 f
  intadd_1/U7/CO (FA_X1)                                0.5172    57.3248 f
  intadd_1/U6/CO (FA_X1)                                0.5172    57.8421 f
  intadd_1/U5/CO (FA_X1)                                0.5172    58.3593 f
  intadd_1/U4/CO (FA_X1)                                0.5172    58.8766 f
  intadd_1/U3/CO (FA_X1)                                0.5172    59.3938 f
  intadd_1/U2/CO (FA_X1)                                0.5133    59.9071 f
  U20948/ZN (INV_X1)                                    0.1184    60.0255 r
  U20951/ZN (NAND2_X1)                                  0.0623    60.0878 f
  U20961/ZN (NAND3_X1)                                  0.1542    60.2420 r
  U20963/ZN (XNOR2_X1)                                  0.4445    60.6865 r
  U20966/ZN (NAND2_X1)                                  0.1110    60.7975 f
  U20973/ZN (NAND3_X1)                                  0.3177    61.1153 r
  U20982/Z (MUX2_X1)                                    0.3069    61.4222 r
  U20985/ZN (AND2_X1)                                   0.2343    61.6565 r
  U21003/ZN (NAND2_X1)                                  0.0833    61.7398 f
  U21326/ZN (AND2_X1)                                   0.1830    61.9228 f
  U21452/ZN (NAND2_X1)                                  0.1064    62.0292 r
  U21808/ZN (AND3_X1)                                   0.2293    62.2585 r
  U21809/ZN (AND2_X1)                                   0.2065    62.4650 r
  U21983/ZN (AND2_X1)                                   0.2050    62.6700 r
  U22023/ZN (NAND2_X1)                                  0.0958    62.7657 f
  U22068/ZN (NOR2_X1)                                   0.2262    62.9920 r
  U22105/ZN (NAND2_X1)                                  0.1241    63.1160 f
  U22150/ZN (NOR2_X1)                                   0.2763    63.3923 r
  U22238/ZN (AND3_X1)                                   0.2706    63.6629 r
  U22273/ZN (AND2_X1)                                   0.2410    63.9039 r
  U22353/ZN (AND3_X1)                                   0.2658    64.1698 r
  U22392/ZN (AND2_X1)                                   0.2162    64.3860 r
  U22426/ZN (NAND2_X1)                                  0.0966    64.4826 f
  U22462/ZN (OR2_X1)                                    0.2344    64.7170 f
  U22478/ZN (OR2_X1)                                    0.2463    64.9633 f
  U22499/ZN (NOR2_X1)                                   0.2283    65.1915 r
  U22515/ZN (NAND2_X1)                                  0.1240    65.3156 f
  U22534/ZN (NOR2_X1)                                   0.2342    65.5498 r
  U22552/ZN (AND2_X1)                                   0.2603    65.8101 r
  U22576/ZN (AND3_X1)                                   0.2680    66.0781 r
  U22611/ZN (AND3_X1)                                   0.2421    66.3202 r
  U22627/ZN (NAND2_X1)                                  0.0978    66.4180 f
  U22638/ZN (NOR2_X1)                                   0.2666    66.6846 r
  U22671/ZN (AND3_X1)                                   0.2706    66.9552 r
  U22688/ZN (AND2_X1)                                   0.2066    67.1618 r
  U22699/ZN (AND2_X1)                                   0.2042    67.3660 r
  U22717/ZN (AND2_X1)                                   0.2118    67.5778 r
  U22734/ZN (NAND2_X1)                                  0.1086    67.6864 f
  U22750/ZN (OR2_X1)                                    0.2408    67.9271 f
  U22764/ZN (OR2_X1)                                    0.2334    68.1605 f
  U22781/ZN (NOR2_X1)                                   0.2241    68.3846 r
  U22797/ZN (AND2_X1)                                   0.2328    68.6174 r
  U22815/ZN (AND2_X1)                                   0.2050    68.8224 r
  U22823/ZN (NAND2_X1)                                  0.0955    68.9179 f
  U22838/ZN (NOR2_X1)                                   0.2271    69.1450 r
  U22856/ZN (NAND2_X1)                                  0.1255    69.2705 f
  U22873/ZN (OR2_X1)                                    0.2450    69.5154 f
  U22885/ZN (OR2_X1)                                    0.2346    69.7500 f
  U22898/ZN (OR2_X1)                                    0.2333    69.9834 f
  U22912/ZN (NOR2_X1)                                   0.2241    70.2075 r
  U22927/ZN (AND2_X1)                                   0.2334    70.4409 r
  U22937/ZN (NAND2_X1)                                  0.0968    70.5377 f
  U22952/ZN (OR2_X1)                                    0.2343    70.7719 f
  U22966/ZN (OR2_X1)                                    0.2453    71.0173 f
  U22992/ZN (OR2_X1)                                    0.2493    71.2665 f
  U23023/ZN (OR3_X1)                                    0.3097    71.5762 f
  U23040/ZN (XNOR2_X1)                                  0.2628    71.8390 r
  U23041/ZN (OR2_X1)                                    0.1924    72.0315 r
  U23081/ZN (NAND2_X1)                                  0.0743    72.1058 f
  U23084/ZN (OR2_X1)                                    0.2142    72.3200 f
  U10607/ZN (NAND2_X2)                                  0.6902    73.0102 r
  U23253/ZN (NAND2_X1)                                  0.1824    73.1926 f
  U23254/ZN (AND4_X1)                                   0.4555    73.6481 f
  U23255/ZN (AND4_X1)                                   0.3879    74.0359 f
  U23335/ZN (AND4_X1)                                   0.3126    74.3485 f
  U23420/ZN (OR2_X1)                                    0.2109    74.5594 f
  U23432/ZN (NAND2_X1)                                  0.1806    74.7400 r
  U25990/ZN (XNOR2_X1)                                  0.3229    75.0629 r
  U25991/ZN (NAND2_X1)                                  0.1250    75.1879 f
  U25996/ZN (AOI222_X1)                                 0.9109    76.0988 r
  U26000/ZN (AOI222_X1)                                 0.3564    76.4551 f
  U26003/ZN (AOI222_X1)                                 0.9827    77.4379 r
  U26007/ZN (AOI21_X1)                                  0.1624    77.6002 f
  U26008/ZN (AOI21_X1)                                  0.4542    78.0544 r
  U26013/ZN (OAI21_X1)                                  0.1297    78.1841 f
  U26014/ZN (OAI21_X1)                                  0.2729    78.4570 r
  U26018/ZN (AOI222_X1)                                 0.2327    78.6897 f
  U26027/ZN (AOI222_X1)                                 0.8028    79.4925 r
  U26034/ZN (NOR2_X1)                                   0.1268    79.6193 f
  U26043/ZN (OAI21_X1)                                  0.2887    79.9080 r
  U26052/ZN (NAND3_X1)                                  0.1029    80.0109 f
  U26057/ZN (AOI21_X1)                                  0.3930    80.4039 r
  U9121/ZN (INV_X8)                                     0.2800    80.6839 f
  U26058/ZN (INV_X4)                                    0.7226    81.4065 r
  U26062/ZN (NAND2_X1)                                  0.1118    81.5183 f
  U26063/ZN (AND2_X1)                                   0.3438    81.8621 f
  intadd_130/U8/CO (FA_X1)                              0.5793    82.4414 f
  intadd_130/U7/CO (FA_X1)                              0.5172    82.9587 f
  intadd_130/U6/CO (FA_X1)                              0.5172    83.4759 f
  intadd_130/U5/CO (FA_X1)                              0.5172    83.9931 f
  intadd_130/U4/CO (FA_X1)                              0.5172    84.5104 f
  intadd_130/U3/CO (FA_X1)                              0.5172    85.0276 f
  intadd_130/U2/CO (FA_X1)                              0.4873    85.5149 f
  U26125/ZN (AOI21_X1)                                  0.2437    85.7587 r
  U26136/ZN (INV_X1)                                    0.0758    85.8344 f
  U26138/ZN (NAND2_X1)                                  0.1132    85.9477 r
  U26139/ZN (AND3_X1)                                   0.2925    86.2402 r
  U26142/ZN (AND2_X1)                                   0.4357    86.6759 r
  U26606/ZN (AND2_X1)                                   0.7204    87.3963 r
  U26607/ZN (INV_X1)                                    0.4526    87.8489 f
  U26703/ZN (OAI222_X1)                                 0.5627    88.4116 r
  U26704/Z (XOR2_X1)                                    0.2159    88.6275 f
  U26705/ZN (AND2_X1)                                   0.3050    88.9325 f
  U26739/ZN (AND2_X1)                                   0.1848    89.1173 f
  U26842/ZN (AND2_X1)                                   0.1847    89.3020 f
  U26939/ZN (AND2_X1)                                   0.1848    89.4868 f
  U26969/ZN (AND2_X1)                                   0.1844    89.6713 f
  U27001/ZN (AND2_X1)                                   0.1847    89.8559 f
  U27031/ZN (AND2_X1)                                   0.1844    90.0404 f
  U27062/ZN (AND2_X1)                                   0.1847    90.2250 f
  U27091/ZN (AND2_X1)                                   0.1848    90.4098 f
  U27117/ZN (AND2_X1)                                   0.1848    90.5946 f
  U27146/ZN (AND2_X1)                                   0.1848    90.7794 f
  U27175/ZN (AND2_X1)                                   0.1848    90.9642 f
  U27205/ZN (AND2_X1)                                   0.1848    91.1490 f
  U27212/ZN (AND2_X1)                                   0.1847    91.3337 f
  U27240/ZN (AND2_X1)                                   0.1847    91.5184 f
  U27268/ZN (AND2_X1)                                   0.1847    91.7031 f
  U27273/ZN (AND2_X1)                                   0.1847    91.8878 f
  U27278/ZN (AND2_X1)                                   0.1847    92.0725 f
  U27283/ZN (AND2_X1)                                   0.1843    92.2569 f
  U27288/ZN (AND2_X1)                                   0.1842    92.4411 f
  U27294/ZN (AND2_X1)                                   0.1846    92.6257 f
  U27299/ZN (AND2_X1)                                   0.1847    92.8104 f
  U27304/ZN (AND2_X1)                                   0.1843    92.9947 f
  U27309/ZN (AND2_X1)                                   0.1842    93.1789 f
  U27314/ZN (AND2_X1)                                   0.1846    93.3635 f
  U27319/ZN (AND2_X1)                                   0.1847    93.5482 f
  U27324/ZN (AND2_X1)                                   0.1847    93.7329 f
  U27329/ZN (AND2_X1)                                   0.1843    93.9173 f
  U27335/ZN (AND2_X1)                                   0.1846    94.1018 f
  U27432/ZN (AND2_X1)                                   0.1847    94.2865 f
  U27438/ZN (AND2_X1)                                   0.1844    94.4710 f
  U27451/ZN (AND2_X1)                                   0.1842    94.6552 f
  U27460/ZN (AND2_X1)                                   0.1846    94.8398 f
  U27572/ZN (AND2_X1)                                   0.1847    95.0245 f
  U27575/ZN (AND2_X1)                                   0.1844    95.2089 f
  U27578/ZN (AND2_X1)                                   0.1847    95.3936 f
  U27581/ZN (AND2_X1)                                   0.1844    95.5780 f
  U27584/ZN (AND2_X1)                                   0.1847    95.7627 f
  U27587/ZN (AND2_X1)                                   0.1848    95.9475 f
  U27590/ZN (AND2_X1)                                   0.1848    96.1323 f
  U27593/ZN (AND2_X1)                                   0.1844    96.3167 f
  U27600/ZN (AND2_X1)                                   0.1847    96.5014 f
  U27607/ZN (AND2_X1)                                   0.1847    96.6861 f
  U27614/ZN (AND2_X1)                                   0.1847    96.8708 f
  U27619/ZN (AND2_X1)                                   0.1843    97.0551 f
  U27624/ZN (AND2_X1)                                   0.1842    97.2394 f
  U27629/ZN (AND2_X1)                                   0.1847    97.4240 f
  U27634/ZN (AND2_X1)                                   0.1847    97.6087 f
  U27639/ZN (AND2_X1)                                   0.1847    97.7934 f
  U27645/ZN (AND2_X1)                                   0.1847    97.9781 f
  U27652/ZN (AND2_X1)                                   0.1847    98.1628 f
  U27659/ZN (AND2_X1)                                   0.1843    98.3472 f
  U27664/ZN (AND2_X1)                                   0.1842    98.5314 f
  U27669/ZN (AND2_X1)                                   0.1842    98.7156 f
  U27674/ZN (AND2_X1)                                   0.1846    98.9002 f
  U27679/ZN (AND2_X1)                                   0.1847    99.0849 f
  U27686/ZN (AND2_X1)                                   0.1843    99.2693 f
  U27691/ZN (AND2_X1)                                   0.1842    99.4535 f
  U27696/ZN (AND2_X1)                                   0.1846    99.6381 f
  U27701/ZN (AND2_X1)                                   0.1847    99.8228 f
  U27708/ZN (AND2_X1)                                   0.1843   100.0071 f
  U27713/ZN (AND2_X1)                                   0.1842   100.1914 f
  U27718/ZN (AND2_X1)                                   0.1842   100.3756 f
  U27723/ZN (AND2_X1)                                   0.1846   100.5602 f
  U27726/ZN (AND2_X1)                                   0.1847   100.7449 f
  U27729/ZN (AND2_X1)                                   0.1848   100.9296 f
  U27732/ZN (AND2_X1)                                   0.1843   101.1140 f
  U27735/ZN (AND2_X1)                                   0.1843   101.2983 f
  U27738/ZN (AND2_X1)                                   0.1847   101.4830 f
  U27741/ZN (AND2_X1)                                   0.1848   101.6678 f
  U27744/ZN (AND2_X1)                                   0.1848   101.8526 f
  U27747/ZN (AND2_X1)                                   0.1844   102.0370 f
  U27750/ZN (AND2_X1)                                   0.1847   102.2217 f
  U27753/ZN (AND2_X1)                                   0.1844   102.4061 f
  U27756/ZN (AND2_X1)                                   0.1847   102.5908 f
  U27759/ZN (AND2_X1)                                   0.1848   102.7756 f
  U27764/ZN (AND2_X1)                                   0.1848   102.9604 f
  U27769/ZN (AND2_X1)                                   0.1847   103.1451 f
  U27774/ZN (AND2_X1)                                   0.1843   103.3294 f
  U27779/ZN (AND2_X1)                                   0.1842   103.5136 f
  U27784/ZN (AND2_X1)                                   0.1846   103.6982 f
  U27789/ZN (AND2_X1)                                   0.1847   103.8829 f
  U27794/ZN (AND2_X1)                                   0.1847   104.0676 f
  U27799/ZN (AND2_X1)                                   0.1843   104.2520 f
  U27805/ZN (AND2_X1)                                   0.1842   104.4362 f
  U27811/ZN (AND2_X1)                                   0.1842   104.6204 f
  U27817/ZN (AND2_X1)                                   0.1842   104.8047 f
  U27823/ZN (AND2_X1)                                   0.1846   104.9892 f
  U27828/ZN (AND2_X1)                                   0.1847   105.1739 f
  U27833/ZN (AND2_X1)                                   0.1847   105.3586 f
  U27838/ZN (AND2_X1)                                   0.1847   105.5433 f
  U27843/ZN (AND2_X1)                                   0.1843   105.7277 f
  U27848/ZN (AND2_X1)                                   0.1846   105.9123 f
  U27851/ZN (AND2_X1)                                   0.1847   106.0970 f
  U27856/ZN (AND2_X1)                                   0.1848   106.2818 f
  U27861/ZN (AND2_X1)                                   0.1843   106.4661 f
  U27866/ZN (AND2_X1)                                   0.1842   106.6503 f
  U27870/ZN (AND2_X1)                                   0.1846   106.8349 f
  U27873/ZN (AND2_X1)                                   0.1848   107.0197 f
  U27876/ZN (AND2_X1)                                   0.1848   107.2045 f
  U27879/ZN (AND2_X1)                                   0.1848   107.3893 f
  U28069/ZN (AND2_X1)                                   0.1848   107.5741 f
  U28072/ZN (AND2_X1)                                   0.1848   107.7589 f
  U28088/ZN (AND2_X1)                                   0.1844   107.9433 f
  U28096/ZN (AND2_X1)                                   0.1843   108.1276 f
  U28116/ZN (AND2_X1)                                   0.1847   108.3123 f
  U33159/ZN (AND2_X1)                                   0.1930   108.5053 f
  FP_MAC1/U1/DP_OP_36J1_146_2270/U57/CO (FA_X1)         0.4857   108.9910 f
  FP_MAC1/U1/DP_OP_36J1_146_2270/U56/CO (FA_X1)         0.5172   109.5082 f
  FP_MAC1/U1/DP_OP_36J1_146_2270/U55/CO (FA_X1)         0.5172   110.0255 f
  FP_MAC1/U1/DP_OP_36J1_146_2270/U54/CO (FA_X1)         0.5172   110.5427 f
  FP_MAC1/U1/DP_OP_36J1_146_2270/U53/CO (FA_X1)         0.5172   111.0600 f
  FP_MAC1/U1/DP_OP_36J1_146_2270/U52/CO (FA_X1)         0.5172   111.5772 f
  FP_MAC1/U1/DP_OP_36J1_146_2270/U51/CO (FA_X1)         0.5172   112.0945 f
  FP_MAC1/U1/DP_OP_36J1_146_2270/U50/CO (FA_X1)         0.5172   112.6117 f
  FP_MAC1/U1/DP_OP_36J1_146_2270/U49/CO (FA_X1)         0.5172   113.1289 f
  FP_MAC1/U1/DP_OP_36J1_146_2270/U48/CO (FA_X1)         0.5172   113.6462 f
  FP_MAC1/U1/DP_OP_36J1_146_2270/U47/CO (FA_X1)         0.5172   114.1634 f
  FP_MAC1/U1/DP_OP_36J1_146_2270/U46/CO (FA_X1)         0.5172   114.6807 f
  FP_MAC1/U1/DP_OP_36J1_146_2270/U45/CO (FA_X1)         0.5172   115.1979 f
  FP_MAC1/U1/DP_OP_36J1_146_2270/U44/CO (FA_X1)         0.5172   115.7151 f
  FP_MAC1/U1/DP_OP_36J1_146_2270/U43/CO (FA_X1)         0.5172   116.2324 f
  FP_MAC1/U1/DP_OP_36J1_146_2270/U42/CO (FA_X1)         0.5172   116.7496 f
  FP_MAC1/U1/DP_OP_36J1_146_2270/U41/CO (FA_X1)         0.5172   117.2669 f
  FP_MAC1/U1/DP_OP_36J1_146_2270/U40/CO (FA_X1)         0.5172   117.7841 f
  FP_MAC1/U1/DP_OP_36J1_146_2270/U39/CO (FA_X1)         0.5172   118.3014 f
  FP_MAC1/U1/DP_OP_36J1_146_2270/U38/CO (FA_X1)         0.5172   118.8186 f
  FP_MAC1/U1/DP_OP_36J1_146_2270/U37/CO (FA_X1)         0.5172   119.3358 f
  FP_MAC1/U1/DP_OP_36J1_146_2270/U36/CO (FA_X1)         0.5172   119.8531 f
  FP_MAC1/U1/DP_OP_36J1_146_2270/U35/CO (FA_X1)         0.5172   120.3703 f
  FP_MAC1/U1/DP_OP_36J1_146_2270/U34/CO (FA_X1)         0.5172   120.8876 f
  FP_MAC1/U1/DP_OP_36J1_146_2270/U33/CO (FA_X1)         0.5172   121.4048 f
  FP_MAC1/U1/DP_OP_36J1_146_2270/U32/CO (FA_X1)         0.5172   121.9221 f
  FP_MAC1/U1/DP_OP_36J1_146_2270/U31/CO (FA_X1)         0.5172   122.4393 f
  FP_MAC1/U1/DP_OP_36J1_146_2270/U30/CO (FA_X1)         0.5172   122.9565 f
  FP_MAC1/U1/DP_OP_36J1_146_2270/U29/CO (FA_X1)         0.5172   123.4738 f
  FP_MAC1/U1/DP_OP_36J1_146_2270/U28/CO (FA_X1)         0.5172   123.9910 f
  FP_MAC1/U1/DP_OP_36J1_146_2270/U27/CO (FA_X1)         0.5172   124.5083 f
  FP_MAC1/U1/DP_OP_36J1_146_2270/U26/CO (FA_X1)         0.5172   125.0255 f
  FP_MAC1/U1/DP_OP_36J1_146_2270/U25/CO (FA_X1)         0.5172   125.5428 f
  FP_MAC1/U1/DP_OP_36J1_146_2270/U24/CO (FA_X1)         0.5172   126.0600 f
  FP_MAC1/U1/DP_OP_36J1_146_2270/U23/CO (FA_X1)         0.5172   126.5772 f
  FP_MAC1/U1/DP_OP_36J1_146_2270/U22/CO (FA_X1)         0.5172   127.0945 f
  FP_MAC1/U1/DP_OP_36J1_146_2270/U21/CO (FA_X1)         0.5172   127.6117 f
  FP_MAC1/U1/DP_OP_36J1_146_2270/U20/CO (FA_X1)         0.5172   128.1290 f
  FP_MAC1/U1/DP_OP_36J1_146_2270/U19/CO (FA_X1)         0.5172   128.6462 f
  FP_MAC1/U1/DP_OP_36J1_146_2270/U18/CO (FA_X1)         0.5172   129.1635 f
  FP_MAC1/U1/DP_OP_36J1_146_2270/U17/CO (FA_X1)         0.5172   129.6807 f
  FP_MAC1/U1/DP_OP_36J1_146_2270/U16/CO (FA_X1)         0.5172   130.1979 f
  FP_MAC1/U1/DP_OP_36J1_146_2270/U15/CO (FA_X1)         0.5172   130.7152 f
  FP_MAC1/U1/DP_OP_36J1_146_2270/U14/CO (FA_X1)         0.5172   131.2324 f
  FP_MAC1/U1/DP_OP_36J1_146_2270/U13/CO (FA_X1)         0.5172   131.7497 f
  FP_MAC1/U1/DP_OP_36J1_146_2270/U12/CO (FA_X1)         0.5172   132.2669 f
  FP_MAC1/U1/DP_OP_36J1_146_2270/U11/CO (FA_X1)         0.5172   132.7841 f
  FP_MAC1/U1/DP_OP_36J1_146_2270/U10/CO (FA_X1)         0.5172   133.3014 f
  FP_MAC1/U1/DP_OP_36J1_146_2270/U9/CO (FA_X1)          0.5172   133.8186 f
  FP_MAC1/U1/DP_OP_36J1_146_2270/U8/CO (FA_X1)          0.5172   134.3359 f
  FP_MAC1/U1/DP_OP_36J1_146_2270/U7/CO (FA_X1)          0.5172   134.8531 f
  FP_MAC1/U1/DP_OP_36J1_146_2270/U6/CO (FA_X1)          0.5172   135.3704 f
  FP_MAC1/U1/DP_OP_36J1_146_2270/U5/CO (FA_X1)          0.5040   135.8744 f
  U26711/ZN (OR2_X1)                                    0.3837   136.2581 f
  U26712/ZN (INV_X1)                                    0.7585   137.0167 r
  U26713/ZN (INV_X2)                                    0.4902   137.5069 f
  U9086/ZN (INV_X2)                                     0.8088   138.3157 r
  U28110/ZN (AND2_X1)                                   0.2940   138.6097 r
  U28111/ZN (INV_X1)                                    0.0554   138.6651 f
  U28118/ZN (NAND2_X1)                                  0.0973   138.7624 r
  U28120/ZN (NAND2_X1)                                  0.0962   138.8586 f
  U28122/ZN (NAND2_X1)                                  0.1509   139.0095 r
  U28123/ZN (NAND2_X1)                                  0.0984   139.1079 f
  U28125/ZN (NAND2_X1)                                  0.1518   139.2597 r
  U28126/ZN (NAND2_X1)                                  0.0984   139.3581 f
  U28128/ZN (NAND2_X1)                                  0.1518   139.5099 r
  U28129/ZN (NAND2_X1)                                  0.0962   139.6061 f
  U28131/ZN (NAND2_X1)                                  0.1509   139.7570 r
  U28132/ZN (NAND2_X1)                                  0.0950   139.8520 f
  U28133/ZN (NAND2_X1)                                  0.1897   140.0417 r
  U28134/ZN (NAND2_X1)                                  0.0975   140.1392 f
  U28135/ZN (INV_X1)                                    0.1289   140.2681 r
  U28136/ZN (OAI21_X1)                                  0.0934   140.3615 f
  U28154/ZN (NAND2_X1)                                  0.1566   140.5181 r
  U28155/ZN (NAND2_X1)                                  0.0951   140.6132 f
  U28156/ZN (INV_X1)                                    0.1280   140.7412 r
  U28157/ZN (OAI21_X1)                                  0.0913   140.8325 f
  U28159/ZN (NAND2_X1)                                  0.1558   140.9883 r
  U28160/ZN (NAND2_X1)                                  0.0962   141.0845 f
  U28162/ZN (NAND2_X1)                                  0.1509   141.2354 r
  U28163/ZN (NAND2_X1)                                  0.0984   141.3338 f
  U28165/ZN (NAND2_X1)                                  0.1527   141.4865 r
  U28166/ZN (NAND2_X1)                                  0.0962   141.5827 f
  U28168/ZN (NAND2_X1)                                  0.1528   141.7355 r
  U28169/ZN (NAND2_X1)                                  0.0962   141.8317 f
  U28171/ZN (NAND2_X1)                                  0.1509   141.9826 r
  U28172/ZN (NAND2_X1)                                  0.0950   142.0776 f
  U28173/ZN (NAND2_X1)                                  0.1897   142.2673 r
  U28174/ZN (NAND2_X1)                                  0.1004   142.3677 f
  U28176/ZN (AOI21_X1)                                  0.2987   142.6664 r
  U28177/ZN (INV_X1)                                    0.0827   142.7491 f
  U28179/ZN (AOI21_X1)                                  0.2818   143.0310 r
  U28180/ZN (OAI21_X1)                                  0.1732   143.2042 f
  U28181/ZN (INV_X1)                                    0.1331   143.3373 r
  U28182/ZN (OAI21_X1)                                  0.0846   143.4220 f
  U28184/ZN (AOI21_X1)                                  0.2975   143.7195 r
  U28185/ZN (INV_X1)                                    0.0772   143.7966 f
  U28187/ZN (NAND2_X1)                                  0.1164   143.9130 r
  U28188/ZN (NAND2_X1)                                  0.0842   143.9972 f
  U28190/ZN (NAND2_X1)                                  0.1464   144.1436 r
  U28191/ZN (NAND2_X1)                                  0.0984   144.2420 f
  U28193/ZN (NAND2_X1)                                  0.1527   144.3947 r
  U28194/ZN (NAND2_X1)                                  0.0982   144.4930 f
  U28473/ZN (AOI21_X1)                                  0.2972   144.7901 r
  U28474/ZN (INV_X1)                                    0.0827   144.8728 f
  U28476/ZN (AOI21_X1)                                  0.2803   145.1532 r
  U28477/ZN (OR2_X1)                                    0.2103   145.3635 r
  U28478/ZN (NAND2_X1)                                  0.0766   145.4401 f
  U28480/ZN (NAND2_X1)                                  0.1518   145.5919 r
  U28481/ZN (NAND2_X1)                                  0.0962   145.6881 f
  U28483/ZN (NAND2_X1)                                  0.1518   145.8399 r
  U28484/ZN (NAND2_X1)                                  0.0982   145.9381 f
  U28486/ZN (AOI21_X1)                                  0.3103   146.2484 r
  U28487/ZN (OAI21_X1)                                  0.1747   146.4231 f
  U28489/ZN (NAND2_X1)                                  0.1566   146.5797 r
  U28490/ZN (NAND2_X1)                                  0.0962   146.6759 f
  U28492/ZN (NAND2_X1)                                  0.1509   146.8268 r
  U28493/ZN (NAND2_X1)                                  0.0982   146.9250 f
  U28495/ZN (AOI21_X1)                                  0.3111   147.2361 r
  U28496/ZN (OAI21_X1)                                  0.1732   147.4093 f
  U28497/ZN (INV_X1)                                    0.1331   147.5424 r
  U28498/ZN (OAI21_X1)                                  0.0943   147.6367 f
  U28507/ZN (AOI21_X1)                                  0.3058   147.9425 r
  U28508/ZN (INV_X1)                                    0.0829   148.0254 f
  U28510/ZN (AOI21_X1)                                  0.2783   148.3037 r
  U28511/ZN (OAI21_X1)                                  0.1725   148.4762 f
  U28512/ZN (INV_X1)                                    0.1331   148.6094 r
  U28513/ZN (OAI21_X1)                                  0.0846   148.6940 f
  U28539/ZN (AOI21_X1)                                  0.2975   148.9915 r
  U28540/ZN (INV_X1)                                    0.0827   149.0743 f
  U28542/ZN (AOI21_X1)                                  0.2686   149.3429 r
  U28543/ZN (INV_X1)                                    0.0827   149.4256 f
  U28545/ZN (AOI21_X1)                                  0.2780   149.7036 r
  U28546/ZN (OAI21_X1)                                  0.1725   149.8762 f
  U28547/ZN (INV_X1)                                    0.1331   150.0093 r
  U28548/ZN (OAI21_X1)                                  0.0943   150.1036 f
  U28550/ZN (AOI21_X1)                                  0.3058   150.4094 r
  U28551/ZN (INV_X1)                                    0.0829   150.4922 f
  U28553/ZN (AOI21_X1)                                  0.2821   150.7744 r
  U28554/ZN (OAI21_X1)                                  0.1558   150.9302 f
  U28556/ZN (AOI21_X1)                                  0.3069   151.2371 r
  U28557/ZN (OAI21_X1)                                  0.1707   151.4078 f
  U28559/ZN (NAND2_X1)                                  0.1558   151.5636 r
  U28560/ZN (NAND2_X1)                                  0.0982   151.6618 f
  U28562/ZN (AOI21_X1)                                  0.3111   151.9729 r
  U28563/ZN (OAI21_X1)                                  0.1713   152.1442 f
  U28565/ZN (NAND2_X1)                                  0.1558   152.3000 r
  U28566/ZN (NAND2_X1)                                  0.0962   152.3962 f
  U28568/ZN (NAND2_X1)                                  0.1518   152.5480 r
  U28569/ZN (NAND2_X1)                                  0.0729   152.6209 f
  U28570/ZN (NAND2_X1)                                  0.2466   152.8675 r
  U28841/ZN (OAI21_X1)                                  0.1722   153.0397 f
  U28842/ZN (AOI211_X1)                                 0.5744   153.6142 r
  U28843/ZN (AOI21_X1)                                  0.2064   153.8206 f
  U28876/ZN (OAI21_X1)                                  0.2299   154.0505 r
  U28877/ZN (OAI21_X1)                                  0.1701   154.2206 f
  U28878/ZN (AOI222_X1)                                 1.0296   155.2501 r
  U28879/ZN (AOI222_X1)                                 0.3472   155.5973 f
  U28889/ZN (OAI22_X1)                                  0.2811   155.8784 r
  U28890/ZN (OR2_X1)                                    0.2471   156.1255 r
  U28895/ZN (NAND3_X1)                                  0.0671   156.1926 f
  U28898/ZN (NAND2_X1)                                  0.1063   156.2989 r
  U28900/ZN (OR2_X1)                                    0.1511   156.4500 r
  U28901/ZN (NAND2_X1)                                  0.0573   156.5073 f
  U28902/ZN (NAND2_X1)                                  0.5711   157.0784 r
  U28909/ZN (NAND2_X1)                                  0.1150   157.1933 f
  U28910/ZN (NAND2_X1)                                  0.3071   157.5004 r
  U28930/ZN (AND2_X1)                                   0.2456   157.7460 r
  U10041/ZN (AND2_X4)                                   0.7569   158.5030 r
  U28935/ZN (INV_X1)                                    0.2141   158.7171 f
  U10040/ZN (INV_X2)                                    0.5630   159.2801 r
  U29787/ZN (NAND2_X1)                                  0.1604   159.4405 f
  U29790/ZN (AND4_X1)                                   0.3872   159.8277 f
  U29850/Z (MUX2_X1)                                    0.6395   160.4672 f
  U29852/ZN (OAI21_X1)                                  0.3997   160.8669 r
  U29853/ZN (AOI222_X1)                                 0.2370   161.1039 f
  U30830/ZN (OAI22_X1)                                  0.4340   161.5379 r
  U30831/ZN (NOR2_X1)                                   0.1557   161.6936 f
  U30832/ZN (INV_X1)                                    0.1810   161.8746 r
  U30848/ZN (NAND2_X1)                                  0.1107   161.9853 f
  U30864/ZN (OR2_X1)                                    0.2401   162.2254 f
  U30865/ZN (NOR2_X1)                                   0.2843   162.5098 r
  U30870/ZN (NAND2_X1)                                  0.1299   162.6396 f
  U30871/ZN (NOR2_X1)                                   0.2964   162.9361 r
  U30888/ZN (NAND2_X1)                                  0.1295   163.0656 f
  U30889/ZN (NOR2_X1)                                   0.2986   163.3642 r
  U30900/ZN (NAND2_X1)                                  0.1290   163.4932 f
  U30901/ZN (NOR2_X1)                                   0.2971   163.7902 r
  U30916/ZN (NAND2_X1)                                  0.1291   163.9193 f
  U30917/ZN (NOR2_X1)                                   0.2986   164.2178 r
  U30929/ZN (NAND2_X1)                                  0.1296   164.3474 f
  U30930/ZN (NOR2_X1)                                   0.2963   164.6437 r
  U30950/ZN (NAND2_X1)                                  0.1290   164.7727 f
  U30951/ZN (NOR2_X1)                                   0.2973   165.0699 r
  U30961/ZN (NAND2_X1)                                  0.1286   165.1986 f
  U30962/ZN (NOR2_X1)                                   0.2960   165.4945 r
  U30977/ZN (NAND2_X1)                                  0.1292   165.6237 f
  U30978/ZN (NOR2_X1)                                   0.2953   165.9190 r
  U30984/ZN (AND2_X1)                                   0.2315   166.1505 r
  U30985/ZN (NAND2_X1)                                  0.1071   166.2576 f
  U31002/ZN (OR2_X1)                                    0.2499   166.5075 f
  U31003/ZN (NOR2_X1)                                   0.2842   166.7917 r
  U31018/ZN (NAND2_X1)                                  0.1294   166.9211 f
  U31019/ZN (NOR2_X1)                                   0.2962   167.2174 r
  U31038/ZN (NAND2_X1)                                  0.1294   167.3468 f
  U31039/ZN (NOR2_X1)                                   0.2962   167.6431 r
  U31049/ZN (NAND2_X1)                                  0.1290   167.7720 f
  U31050/ZN (NOR2_X1)                                   0.2948   168.0668 r
  U31068/ZN (NAND2_X1)                                  0.1295   168.1963 f
  U31069/ZN (OR2_X1)                                    0.3309   168.5272 f
  U31084/ZN (OR2_X1)                                    0.2370   168.7642 f
  U31085/ZN (NOR2_X1)                                   0.2842   169.0484 r
  U31103/ZN (NAND2_X1)                                  0.1295   169.1780 f
  U31104/ZN (NOR2_X1)                                   0.2986   169.4766 r
  U31110/ZN (NAND2_X1)                                  0.1290   169.6055 f
  U31111/ZN (NOR2_X1)                                   0.2961   169.9017 r
  U31126/ZN (NAND2_X1)                                  0.1290   170.0306 f
  U31127/ZN (NOR2_X1)                                   0.2966   170.3272 r
  U31144/ZN (NAND2_X1)                                  0.1290   170.4562 f
  U31145/ZN (NOR2_X1)                                   0.2961   170.7523 r
  U31161/ZN (NAND2_X1)                                  0.1295   170.8818 f
  U31162/ZN (NOR2_X1)                                   0.2954   171.1772 r
  U31180/ZN (AND2_X1)                                   0.2353   171.4125 r
  U31181/ZN (NAND2_X1)                                  0.1078   171.5203 f
  U31196/ZN (NOR2_X1)                                   0.2579   171.7782 r
  U31197/ZN (AND2_X1)                                   0.2575   172.0357 r
  U31212/ZN (NAND2_X1)                                  0.1005   172.1362 f
  U31213/ZN (NOR2_X1)                                   0.2515   172.3877 r
  U31301/ZN (NAND2_X1)                                  0.1157   172.5034 f
  U31302/Z (XOR2_X1)                                    0.3088   172.8121 f
  U31303/ZN (OAI21_X1)                                  0.2272   173.0394 r
  U31304/ZN (INV_X1)                                    0.0632   173.1026 f
  U31305/ZN (NAND2_X1)                                  0.2144   173.3170 r
  U31306/ZN (NAND2_X1)                                  0.1198   173.4368 f
  U31307/ZN (NOR2_X1)                                   0.8519   174.2887 r
  U31315/ZN (INV_X1)                                    0.2739   174.5627 f
  U10220/ZN (INV_X2)                                    0.5488   175.1115 r
  U31350/ZN (AOI22_X1)                                  0.2145   175.3260 f
  U31361/ZN (OAI22_X1)                                  0.2795   175.6055 r
  U31362/ZN (NAND2_X1)                                  0.1639   175.7694 f
  U31363/ZN (AOI222_X1)                                 0.9972   176.7666 r
  U31367/ZN (AOI222_X1)                                 0.3233   177.0899 f
  U31368/ZN (AOI222_X1)                                 1.0779   178.1679 r
  U31369/ZN (AOI222_X1)                                 0.3519   178.5198 f
  U31370/ZN (AOI222_X1)                                 0.9986   179.5184 r
  U31376/ZN (AOI221_X1)                                 0.3035   179.8219 f
  U31384/ZN (OAI221_X1)                                 0.3629   180.1848 r
  U31391/ZN (AOI22_X1)                                  0.1525   180.3373 f
  U9051/ZN (AOI221_X1)                                  0.6503   180.9876 r
  U31502/ZN (NOR4_X1)                                   0.2106   181.1983 f
  U9050/ZN (AOI221_X1)                                  0.6408   181.8391 r
  U31618/ZN (NOR4_X1)                                   0.1645   182.0036 f
  U31619/ZN (OAI21_X1)                                  0.2473   182.2510 r
  U31648/ZN (NAND2_X1)                                  0.1046   182.3555 f
  U31650/ZN (NOR2_X1)                                   0.2424   182.5980 r
  U31651/ZN (OR2_X2)                                    0.7549   183.3528 r
  U31655/ZN (INV_X1)                                    0.3966   183.7494 f
  U31656/ZN (INV_X4)                                    0.6215   184.3709 r
  U31657/ZN (OAI22_X1)                                  0.2562   184.6271 f
  U31658/ZN (INV_X1)                                    0.3764   185.0034 r
  U31832/ZN (NOR2_X1)                                   0.1499   185.1534 f
  U31833/ZN (NAND4_X1)                                  0.3453   185.4987 r
  U31834/ZN (NOR4_X1)                                   0.1837   185.6824 f
  U31835/ZN (NOR2_X1)                                   0.4045   186.0869 r
  U43468/ZN (NAND2_X1)                                  0.1660   186.2528 f
  intadd_160/U6/CO (FA_X1)                              0.5124   186.7653 f
  intadd_160/U5/CO (FA_X1)                              0.5172   187.2825 f
  intadd_160/U4/CO (FA_X1)                              0.5172   187.7997 f
  intadd_160/U3/CO (FA_X1)                              0.5172   188.3170 f
  intadd_160/U2/CO (FA_X1)                              0.4857   188.8027 f
  U31804/ZN (NOR2_X1)                                   0.2814   189.0842 r
  U31822/Z (XOR2_X1)                                    0.1624   189.2466 f
  U31823/ZN (AOI22_X1)                                  0.4306   189.6772 r
  U31824/ZN (OAI221_X1)                                 0.2376   189.9148 f
  U31825/ZN (AOI21_X1)                                  0.4066   190.3214 r
  U31826/ZN (OAI211_X1)                                 0.2116   190.5330 f
  U32056/ZN (NOR2_X1)                                   0.1969   190.7299 r
  U32058/ZN (NAND2_X1)                                  0.1235   190.8534 f
  U32106/ZN (NOR2_X1)                                   1.0599   191.9133 r
  U32107/ZN (INV_X1)                                    0.3285   192.2418 f
  U10779/ZN (INV_X1)                                    0.7279   192.9697 r
  U32112/ZN (NAND2_X1)                                  0.2933   193.2630 f
  U32167/ZN (OAI211_X1)                                 0.4116   193.6746 r
  U32168/ZN (INV_X1)                                    0.0767   193.7513 f
  U32169/ZN (AOI21_X1)                                  0.4301   194.1814 r
  U43672/CO (FA_X1)                                     0.3964   194.5778 r
  U43673/ZN (AOI21_X1)                                  0.1347   194.7125 f
  intadd_4/U53/CO (FA_X1)                               0.5136   195.2261 f
  intadd_4/U52/CO (FA_X1)                               0.5172   195.7434 f
  intadd_4/U51/CO (FA_X1)                               0.5172   196.2606 f
  intadd_4/U50/CO (FA_X1)                               0.5172   196.7779 f
  intadd_4/U49/CO (FA_X1)                               0.5172   197.2951 f
  intadd_4/U48/CO (FA_X1)                               0.5172   197.8123 f
  intadd_4/U47/CO (FA_X1)                               0.5172   198.3296 f
  intadd_4/U46/CO (FA_X1)                               0.5172   198.8468 f
  intadd_4/U45/CO (FA_X1)                               0.5172   199.3641 f
  intadd_4/U44/CO (FA_X1)                               0.5172   199.8813 f
  intadd_4/U43/CO (FA_X1)                               0.5172   200.3986 f
  intadd_4/U42/CO (FA_X1)                               0.5172   200.9158 f
  intadd_4/U41/CO (FA_X1)                               0.5172   201.4330 f
  intadd_4/U40/CO (FA_X1)                               0.5172   201.9503 f
  intadd_4/U39/CO (FA_X1)                               0.5172   202.4675 f
  intadd_4/U38/CO (FA_X1)                               0.5172   202.9848 f
  intadd_4/U37/CO (FA_X1)                               0.5172   203.5020 f
  intadd_4/U36/CO (FA_X1)                               0.5172   204.0193 f
  intadd_4/U35/CO (FA_X1)                               0.5172   204.5365 f
  intadd_4/U34/CO (FA_X1)                               0.5172   205.0537 f
  intadd_4/U33/CO (FA_X1)                               0.5172   205.5710 f
  intadd_4/U32/CO (FA_X1)                               0.5172   206.0882 f
  intadd_4/U31/CO (FA_X1)                               0.5172   206.6055 f
  intadd_4/U30/CO (FA_X1)                               0.5172   207.1227 f
  intadd_4/U29/CO (FA_X1)                               0.5172   207.6400 f
  intadd_4/U28/CO (FA_X1)                               0.5172   208.1572 f
  intadd_4/U27/CO (FA_X1)                               0.5172   208.6744 f
  intadd_4/U26/CO (FA_X1)                               0.5172   209.1917 f
  intadd_4/U25/CO (FA_X1)                               0.5172   209.7089 f
  intadd_4/U24/CO (FA_X1)                               0.5172   210.2262 f
  intadd_4/U23/CO (FA_X1)                               0.5172   210.7434 f
  intadd_4/U22/CO (FA_X1)                               0.5172   211.2607 f
  intadd_4/U21/CO (FA_X1)                               0.5172   211.7779 f
  intadd_4/U20/CO (FA_X1)                               0.5172   212.2951 f
  intadd_4/U19/CO (FA_X1)                               0.5172   212.8124 f
  intadd_4/U18/CO (FA_X1)                               0.5172   213.3296 f
  intadd_4/U17/CO (FA_X1)                               0.5172   213.8469 f
  intadd_4/U16/CO (FA_X1)                               0.5172   214.3641 f
  intadd_4/U15/CO (FA_X1)                               0.5172   214.8813 f
  intadd_4/U14/CO (FA_X1)                               0.5172   215.3986 f
  intadd_4/U13/CO (FA_X1)                               0.5172   215.9158 f
  intadd_4/U12/CO (FA_X1)                               0.5172   216.4331 f
  intadd_4/U11/CO (FA_X1)                               0.5172   216.9503 f
  intadd_4/U10/CO (FA_X1)                               0.5172   217.4676 f
  intadd_4/U9/CO (FA_X1)                                0.5172   217.9848 f
  intadd_4/U8/CO (FA_X1)                                0.5172   218.5020 f
  intadd_4/U7/CO (FA_X1)                                0.5172   219.0193 f
  intadd_4/U6/CO (FA_X1)                                0.5172   219.5365 f
  intadd_4/U5/CO (FA_X1)                                0.5172   220.0538 f
  intadd_4/U4/CO (FA_X1)                                0.5172   220.5710 f
  intadd_4/U3/CO (FA_X1)                                0.5172   221.0883 f
  intadd_4/U2/CO (FA_X1)                                0.4850   221.5733 f
  U31772/ZN (XNOR2_X1)                                  0.3248   221.8980 r
  U31773/ZN (NOR2_X1)                                   0.1453   222.0433 f
  U32241/ZN (OAI21_X1)                                  0.3235   222.3669 r
  U32260/ZN (NAND2_X1)                                  0.1028   222.4697 f
  U32261/ZN (OAI21_X1)                                  0.2310   222.7007 r
  U32262/ZN (OAI21_X1)                                  0.1701   222.8708 f
  U32263/ZN (AOI222_X1)                                 1.0160   223.8868 r
  U32273/ZN (AOI222_X1)                                 0.3233   224.2101 f
  U32274/ZN (AOI222_X1)                                 0.9980   225.2082 r
  U32275/ZN (OAI21_X1)                                  0.2545   225.4626 f
  U32278/ZN (AOI21_X1)                                  0.3190   225.7816 r
  U32279/ZN (NOR2_X1)                                   0.1160   225.8977 f
  U32280/ZN (OAI21_X1)                                  0.2246   226.1223 r
  U32281/ZN (AOI21_X1)                                  0.2044   226.3267 f
  U43740/ZN (OAI22_X1)                                  0.7422   227.0689 r
  U43746/ZN (INV_X1)                                    0.1178   227.1867 f
  U43748/ZN (OR2_X1)                                    0.5281   227.7148 f
  U9029/ZN (INV_X2)                                     0.5384   228.2533 r
  U43839/ZN (AOI22_X1)                                  0.2470   228.5002 f
  U43841/ZN (OAI211_X1)                                 0.3201   228.8203 r
  U43842/ZN (AOI22_X1)                                  0.1675   228.9878 f
  U43843/ZN (NOR2_X1)                                   0.4166   229.4044 r
  U43844/ZN (NAND2_X1)                                  0.1369   229.5413 f
  U43846/ZN (NOR2_X1)                                   0.2621   229.8035 r
  U43865/ZN (NAND2_X1)                                  0.1278   229.9313 f
  U43866/ZN (NOR2_X1)                                   0.3415   230.2727 r
  U43876/ZN (NAND2_X1)                                  0.1175   230.3902 f
  U43898/ZN (NOR2_X1)                                   0.2609   230.6511 r
  U43931/ZN (NAND3_X1)                                  0.1128   230.7640 f
  U43940/ZN (NOR2_X1)                                   0.3069   231.0709 r
  U43970/ZN (NAND2_X1)                                  0.1281   231.1990 f
  U43983/ZN (NOR2_X1)                                   0.2560   231.4550 r
  U43994/ZN (NAND2_X1)                                  0.1062   231.5612 f
  U43995/ZN (NOR2_X1)                                   0.3823   231.9435 r
  U44020/ZN (OAI221_X1)                                 0.2581   232.2016 f
  U44031/ZN (AOI21_X1)                                  0.4696   232.6712 r
  U44047/ZN (OAI21_X1)                                  0.1956   232.8667 f
  U44050/ZN (AOI21_X1)                                  0.4645   233.3312 r
  U44075/ZN (OAI21_X1)                                  0.1971   233.5283 f
  U44085/ZN (AOI21_X1)                                  0.4621   233.9904 r
  U44102/ZN (OAI21_X1)                                  0.1955   234.1859 f
  U44114/ZN (AOI21_X1)                                  0.4598   234.6457 r
  U44130/ZN (OAI21_X1)                                  0.1955   234.8412 f
  U44141/ZN (AOI21_X1)                                  0.4598   235.3010 r
  U44155/ZN (OAI21_X1)                                  0.1955   235.4965 f
  U44165/ZN (AOI21_X1)                                  0.4598   235.9563 r
  U44182/ZN (OAI21_X1)                                  0.1955   236.1519 f
  U44193/ZN (AOI21_X1)                                  0.4598   236.6116 r
  U44207/ZN (OAI21_X1)                                  0.1955   236.8072 f
  U44218/ZN (AOI21_X1)                                  0.4687   237.2759 r
  U44234/ZN (OAI21_X1)                                  0.1969   237.4728 f
  U44244/ZN (AOI21_X1)                                  0.4598   237.9326 r
  U44259/ZN (OAI21_X1)                                  0.1955   238.1281 f
  U44270/ZN (AOI21_X1)                                  0.4598   238.5879 r
  U44286/ZN (OAI21_X1)                                  0.1955   238.7834 f
  U44299/ZN (AOI21_X1)                                  0.4598   239.2432 r
  U44314/ZN (OAI21_X1)                                  0.1955   239.4387 f
  U44328/ZN (AOI21_X1)                                  0.4598   239.8985 r
  U44343/ZN (OAI21_X1)                                  0.1955   240.0941 f
  U44353/ZN (AOI21_X1)                                  0.4598   240.5538 r
  U44368/ZN (OAI21_X1)                                  0.1955   240.7494 f
  U44379/ZN (AOI21_X1)                                  0.4598   241.2092 r
  U44399/ZN (OAI21_X1)                                  0.1955   241.4047 f
  U44413/ZN (AOI21_X1)                                  0.4598   241.8645 r
  U44429/ZN (OAI21_X1)                                  0.1955   242.0600 f
  U44442/ZN (AOI21_X1)                                  0.4598   242.5198 r
  U44457/ZN (OAI21_X1)                                  0.1969   242.7167 f
  U44469/ZN (OAI21_X1)                                  0.3074   243.0242 r
  U44473/ZN (OAI211_X1)                                 0.1894   243.2135 f
  accumulate_real_reg[50]/D (DFF_X1)                    0.0000   243.2135 f
  data arrival time                                              243.2135

  clock clk (rise edge)                               800.0000   800.0000
  clock network delay (ideal)                           0.0000   800.0000
  clock uncertainty                                    -0.0500   799.9500
  accumulate_real_reg[50]/CK (DFF_X1)                   0.0000   799.9500 r
  library setup time                                   -0.3666   799.5834
  data required time                                             799.5834
  --------------------------------------------------------------------------
  data required time                                             799.5834
  data arrival time                                              -243.2135
  --------------------------------------------------------------------------
  slack (MET)                                                    556.3699


1
