Information: Updating design information... (UID-85)
 
****************************************
Report : timing
        -path full
        -delay max
        -max_paths 1
Design : MyDesign
Version: T-2022.03-SP4
Date   : Fri Dec  8 15:59:42 2023
****************************************

Operating Conditions: slow   Library: NangateOpenCellLibrary_PDKv1_2_v2008_10_slow_nldm
Wire Load Model Mode: top

  Startpoint: current_state_reg[3]
              (rising edge-triggered flip-flop clocked by clk)
  Endpoint: accumulate_real_reg[0]
            (rising edge-triggered flip-flop clocked by clk)
  Path Group: clk
  Path Type: max

  Point                                                   Incr       Path
  --------------------------------------------------------------------------
  clock clk (rise edge)                                 0.0000     0.0000
  clock network delay (ideal)                           0.0000     0.0000
  current_state_reg[3]/CK (DFF_X1)                      0.0000     0.0000 r
  current_state_reg[3]/Q (DFF_X1)                       0.6098     0.6098 f
  U9211/ZN (NOR2_X1)                                    0.5191     1.1289 r
  U18665/ZN (NAND2_X1)                                  0.1138     1.2426 f
  U18669/ZN (NAND3_X1)                                  0.1755     1.4181 r
  U13202/ZN (NAND2_X2)                                  0.0764     1.4945 f
  U13197/ZN (NAND3_X2)                                  0.2580     1.7525 r
  U13189/ZN (INV_X8)                                    0.1445     1.8971 f
  U13760/ZN (INV_X8)                                    0.2006     2.0977 r
  U13179/ZN (INV_X32)                                   0.1137     2.2114 f
  U14590/ZN (OR2_X1)                                    0.2089     2.4203 f
  U13153/ZN (NAND2_X1)                                  0.2358     2.6562 r
  U14796/ZN (INV_X1)                                    0.1935     2.8496 f
  U13110/ZN (INV_X8)                                    0.3856     3.2352 r
  U46021/ZN (XNOR2_X1)                                  0.3885     3.6237 r
  U46023/ZN (OAI22_X1)                                  0.2114     3.8351 f
  U46452/CO (FA_X1)                                     0.6470     4.4821 f
  U46466/CO (FA_X1)                                     0.6017     5.0838 f
  U46461/CO (FA_X1)                                     0.5408     5.6246 f
  U46460/CO (FA_X1)                                     0.6701     6.2947 f
  U46458/CO (FA_X1)                                     0.6017     6.8964 f
  U46469/CO (FA_X1)                                     0.5172     7.4137 f
  U46488/S (FA_X1)                                      0.7993     8.2130 r
  U46561/S (FA_X1)                                      0.6701     8.8831 f
  U46604/ZN (NAND2_X1)                                  0.1540     9.0370 r
  U17557/ZN (INV_X1)                                    0.0583     9.0953 f
  U12981/ZN (AOI21_X1)                                  0.3954     9.4908 r
  U46606/ZN (OAI21_X1)                                  0.1314     9.6222 f
  U46607/ZN (AOI21_X1)                                  0.3788    10.0010 r
  U46608/ZN (OAI21_X1)                                  0.1788    10.1797 f
  U12889/ZN (INV_X2)                                    0.2082    10.3880 r
  U47255/ZN (OAI21_X1)                                  0.1330    10.5209 f
  U12879/ZN (INV_X4)                                    0.3813    10.9023 r
  U49359/ZN (OAI21_X1)                                  0.1606    11.0628 f
  U49387/ZN (XNOR2_X1)                                  0.4936    11.5564 r
  U49388/ZN (NAND2_X1)                                  0.1116    11.6680 f
  U16184/ZN (NAND3_X1)                                  0.3190    11.9870 r
  U16183/ZN (INV_X1)                                    0.0719    12.0589 f
  U12740/ZN (OAI22_X1)                                  0.3669    12.4258 r
  U49397/ZN (OR2_X1)                                    0.2708    12.6966 r
  U49400/ZN (NAND2_X1)                                  0.0688    12.7654 f
  U49768/ZN (NAND3_X1)                                  0.1861    12.9516 r
  U12393/ZN (OR4_X1)                                    0.2195    13.1711 r
  U9982/ZN (AND2_X1)                                    0.1522    13.3233 r
  U12272/ZN (AND4_X1)                                   0.1977    13.5210 r
  U51038/ZN (NAND2_X1)                                  0.0775    13.5984 f
  U12264/ZN (INV_X1)                                    0.0795    13.6779 r
  U51230/ZN (NAND2_X1)                                  0.0632    13.7411 f
  U51478/ZN (NOR2_X1)                                   0.1745    13.9157 r
  U51581/ZN (NAND2_X1)                                  0.0999    14.0156 f
  U12246/ZN (INV_X1)                                    0.1104    14.1260 r
  U9964/ZN (NAND2_X2)                                   0.0724    14.1984 f
  U9962/ZN (INV_X1)                                     0.0774    14.2757 r
  U52100/ZN (NAND2_X1)                                  0.0788    14.3545 f
  U9951/ZN (NOR2_X2)                                    0.1276    14.4821 r
  U52180/ZN (NAND2_X1)                                  0.0841    14.5662 f
  U52181/ZN (AND2_X2)                                   0.2302    14.7964 f
  U9946/ZN (NAND2_X2)                                   0.0876    14.8840 r
  U13715/ZN (NAND2_X2)                                  0.0641    14.9481 f
  U15608/ZN (OAI21_X1)                                  0.1992    15.1474 r
  U9944/ZN (AND2_X1)                                    0.1990    15.3463 r
  U9940/ZN (AND2_X2)                                    0.1593    15.5056 r
  U12137/ZN (INV_X4)                                    0.1087    15.6143 f
  U52588/ZN (OR2_X1)                                    0.2113    15.8257 f
  U12132/ZN (NAND2_X1)                                  0.2967    16.1224 r
  U12056/ZN (INV_X1)                                    0.1439    16.2663 f
  U52593/ZN (AND4_X1)                                   0.3567    16.6230 f
  U12032/ZN (AND4_X1)                                   0.3369    16.9599 f
  U9908/ZN (AND2_X1)                                    0.1664    17.1263 f
  U9904/ZN (AND4_X2)                                    0.2344    17.3607 f
  U52651/ZN (NOR2_X1)                                   0.4103    17.7710 r
  U12010/ZN (OAI21_X1)                                  0.2274    17.9984 f
  U12009/ZN (INV_X1)                                    0.2424    18.2408 r
  U52684/ZN (XNOR2_X1)                                  0.3357    18.5765 r
  U52685/ZN (NAND2_X1)                                  0.1105    18.6870 f
  U52744/ZN (AND3_X2)                                   0.3067    18.9937 f
  U52749/ZN (NAND2_X1)                                  0.2633    19.2570 r
  U52750/ZN (INV_X4)                                    0.1205    19.3776 f
  U9871/ZN (INV_X4)                                     0.2821    19.6596 r
  U52978/ZN (NOR2_X1)                                   0.0975    19.7571 f
  U52979/ZN (NOR2_X1)                                   0.2101    19.9672 r
  U11890/ZN (AND3_X1)                                   0.2363    20.2036 r
  U52982/ZN (NAND2_X1)                                  0.0738    20.2773 f
  U52983/ZN (NAND2_X1)                                  0.2358    20.5131 r
  U17990/ZN (INV_X1)                                    0.1057    20.6188 f
  U14377/ZN (AOI222_X1)                                 0.8254    21.4441 r
  U9844/ZN (INV_X2)                                     0.0605    21.5046 f
  U9838/ZN (INV_X2)                                     0.1716    21.6762 r
  U53699/ZN (OR2_X1)                                    0.1572    21.8335 r
  U53707/ZN (NAND2_X1)                                  0.0750    21.9084 f
  U53708/ZN (NAND2_X1)                                  0.1661    22.0745 r
  U11698/ZN (INV_X1)                                    0.0714    22.1459 f
  U53733/ZN (AOI21_X1)                                  0.3348    22.4807 r
  U53761/ZN (OAI21_X1)                                  0.1711    22.6518 f
  U53829/ZN (AOI21_X1)                                  0.2086    22.8604 r
  U53830/ZN (OAI21_X1)                                  0.1714    23.0318 f
  U9763/ZN (AOI21_X1)                                   0.4953    23.5271 r
  U9762/ZN (OR2_X1)                                     0.2502    23.7773 r
  U15584/ZN (NAND3_X1)                                  0.0962    23.8735 f
  U54487/ZN (NAND2_X1)                                  0.1567    24.0302 r
  U11621/ZN (AND2_X4)                                   0.3100    24.3402 r
  U54679/ZN (OAI21_X1)                                  0.1233    24.4635 f
  U54681/ZN (XNOR2_X1)                                  0.3027    24.7662 f
  U55027/Z (XOR2_X1)                                    0.3954    25.1616 f
  U55028/ZN (NOR2_X1)                                   0.2748    25.4364 r
  U55049/ZN (NAND2_X1)                                  0.1132    25.5497 f
  U55050/ZN (NOR2_X1)                                   0.2429    25.7925 r
  U16740/ZN (NAND2_X1)                                  0.0997    25.8922 f
  U9738/ZN (OR2_X1)                                     0.2087    26.1010 f
  U55074/ZN (OR2_X1)                                    0.2023    26.3033 f
  U11555/ZN (AND3_X4)                                   0.2869    26.5901 f
  U9731/ZN (NAND2_X1)                                   0.2675    26.8577 r
  U55236/ZN (NOR2_X1)                                   0.1216    26.9793 f
  U55278/ZN (NOR2_X1)                                   0.2368    27.2161 r
  U13862/Z (XOR2_X1)                                    0.5251    27.7412 r
  U11504/ZN (XNOR2_X1)                                  0.3739    28.1151 r
  U55290/ZN (NOR2_X1)                                   0.1085    28.2235 f
  U55291/ZN (OAI21_X1)                                  0.3364    28.5599 r
  U11427/ZN (INV_X1)                                    0.1177    28.6776 f
  U55305/ZN (OAI21_X1)                                  0.2488    28.9263 r
  U55306/ZN (XNOR2_X1)                                  0.3583    29.2847 r
  U11339/ZN (INV_X1)                                    0.0913    29.3759 f
  U55403/ZN (NAND4_X1)                                  0.2121    29.5880 r
  U55404/ZN (NOR2_X1)                                   0.1149    29.7029 f
  U55427/ZN (NAND3_X1)                                  0.1252    29.8281 r
  U9266/ZN (AND2_X4)                                    0.2085    30.0366 r
  U9711/ZN (NAND2_X2)                                   0.0706    30.1071 f
  U9710/ZN (INV_X1)                                     0.1590    30.2661 r
  U16657/ZN (NAND2_X1)                                  0.0813    30.3475 f
  U9708/ZN (NAND3_X1)                                   0.2430    30.5905 r
  U11288/ZN (INV_X1)                                    0.1053    30.6957 f
  U9705/ZN (AND2_X4)                                    0.2809    30.9766 f
  U11276/ZN (INV_X4)                                    0.1984    31.1751 r
  U14843/ZN (AND2_X4)                                   0.4327    31.6077 r
  U59526/ZN (NAND2_X1)                                  0.1039    31.7116 f
  U59527/ZN (AND2_X1)                                   0.1787    31.8903 f
  U59530/ZN (NAND3_X1)                                  0.1899    32.0802 r
  U59586/ZN (NAND2_X1)                                  0.1007    32.1809 f
  U59587/ZN (NAND4_X1)                                  0.3185    32.4995 r
  U59850/ZN (NAND2_X1)                                  0.1101    32.6096 f
  U9688/ZN (AND4_X1)                                    0.2323    32.8419 f
  U59855/ZN (OAI21_X1)                                  0.2677    33.1097 r
  U59856/ZN (NAND2_X1)                                  0.1037    33.2133 f
  U11119/ZN (NAND3_X1)                                  0.2857    33.4990 r
  U16739/ZN (NAND2_X1)                                  0.1225    33.6215 f
  U15463/ZN (NOR2_X1)                                   0.2029    33.8244 r
  U9665/ZN (AND3_X4)                                    0.2509    34.0753 r
  U9662/ZN (AND3_X1)                                    0.2424    34.3177 r
  U9660/ZN (AND2_X1)                                    0.2060    34.5237 r
  U11083/ZN (INV_X2)                                    0.1076    34.6314 f
  U61067/ZN (NOR2_X1)                                   0.1891    34.8204 r
  U61068/ZN (XNOR2_X1)                                  0.3169    35.1373 r
  U61069/ZN (NAND2_X1)                                  0.0928    35.2301 f
  U61072/ZN (NAND3_X1)                                  0.2300    35.4601 r
  U18224/ZN (INV_X1)                                    0.0752    35.5353 f
  U15377/ZN (OR2_X1)                                    0.2245    35.7598 f
  U61110/ZN (AOI21_X1)                                  0.1794    35.9392 r
  U61111/ZN (OAI21_X1)                                  0.1714    36.1106 f
  U61112/ZN (AOI21_X1)                                  0.3794    36.4900 r
  U61113/ZN (OAI21_X1)                                  0.1740    36.6640 f
  U61127/ZN (AOI21_X1)                                  0.1943    36.8583 r
  U61128/ZN (OAI21_X1)                                  0.1807    37.0390 f
  U14244/ZN (NAND2_X2)                                  0.1113    37.1503 r
  U9593/ZN (NAND2_X2)                                   0.1316    37.2819 f
  U10870/ZN (INV_X8)                                    0.3208    37.6026 r
  U61238/ZN (NAND2_X1)                                  0.1021    37.7047 f
  U10817/ZN (NAND2_X1)                                  0.2856    37.9904 r
  U61240/ZN (NOR2_X1)                                   0.0978    38.0881 f
  U10781/ZN (AND4_X1)                                   0.3888    38.4769 f
  U9572/ZN (AND3_X1)                                    0.2941    38.7710 f
  U10732/ZN (NAND4_X1)                                  0.2196    38.9906 r
  U9569/ZN (OR2_X2)                                     0.2196    39.2102 r
  U9567/ZN (NAND2_X2)                                   0.0531    39.2633 f
  U10724/ZN (OR2_X2)                                    0.2301    39.4934 f
  U61647/ZN (NOR2_X1)                                   0.1841    39.6775 r
  U10719/ZN (AND2_X2)                                   0.3035    39.9810 r
  U9507/ZN (INV_X4)                                     0.0908    40.0718 f
  U65733/ZN (OAI222_X1)                                 0.6120    40.6838 r
  U9164/ZN (INV_X1)                                     0.1553    40.8391 f
  U9171/ZN (INV_X4)                                     0.1234    40.9625 r
  U16774/ZN (XNOR2_X1)                                  0.0783    41.0407 f
  U16129/ZN (AND2_X1)                                   0.1775    41.2183 f
  FP_Adder_AccumReal/U1/U1/U2/U1/UEN0_0_1_5/ZN (AOI21_X1)
                                                        0.3529    41.5712 r
  FP_Adder_AccumReal/U1/U1/U2/U1/UEN1_0_2_2/ZN (OAI21_X1)
                                                        0.1740    41.7451 f
  FP_Adder_AccumReal/U1/U1/U2/U1/UEN0_0_3_1/ZN (AOI21_X1)
                                                        0.1943    41.9394 r
  FP_Adder_AccumReal/U1/U1/U2/U1/UEN1_0_4_0/ZN (OAI21_X1)
                                                        0.1740    42.1134 f
  FP_Adder_AccumReal/U1/U1/U2/U1/UEN0_0_5_0/ZN (AOI21_X1)
                                                        0.2824    42.3957 r
  U10611/ZN (OR2_X1)                                    0.2136    42.6094 r
  U16357/ZN (OAI21_X1)                                  0.0737    42.6830 f
  U10607/ZN (AOI21_X1)                                  0.2375    42.9206 r
  U9537/ZN (OAI21_X2)                                   0.1375    43.0581 f
  U9535/ZN (NOR2_X4)                                    0.2755    43.3336 r
  U65611/ZN (NAND2_X1)                                  0.0971    43.4307 f
  U65612/ZN (NAND2_X1)                                  0.2256    43.6563 r
  U14967/ZN (INV_X1)                                    0.1303    43.7866 f
  U9527/ZN (NAND2_X4)                                   0.3951    44.1817 r
  U14897/ZN (INV_X1)                                    0.2104    44.3921 f
  U15828/ZN (NAND2_X1)                                  0.1496    44.5416 r
  U16734/ZN (AND2_X1)                                   0.1697    44.7114 r
  U15640/ZN (NAND3_X1)                                  0.1103    44.8217 f
  U66124/ZN (NAND2_X1)                                  0.1143    44.9360 r
  U10476/ZN (NAND2_X1)                                  0.0937    45.0297 f
  U9274/ZN (NOR2_X2)                                    0.1916    45.2213 r
  U9273/ZN (OAI211_X2)                                  0.0948    45.3161 f
  U66302/ZN (NAND2_X1)                                  0.1471    45.4632 r
  U9519/ZN (NAND2_X2)                                   0.0768    45.5400 f
  U9518/ZN (NOR2_X2)                                    0.1401    45.6801 r
  U10445/ZN (NAND2_X2)                                  0.1296    45.8096 f
  U10443/ZN (NOR2_X4)                                   0.3965    46.2061 r
  U66614/ZN (AOI22_X1)                                  0.1398    46.3460 f
  U66616/ZN (NOR2_X1)                                   0.2677    46.6137 r
  U66617/ZN (XNOR2_X1)                                  0.3521    46.9658 r
  U10387/ZN (OR2_X1)                                    0.2186    47.1845 r
  U10367/ZN (AOI21_X1)                                  0.1037    47.2882 f
  U66628/ZN (OAI21_X1)                                  0.2418    47.5300 r
  U66629/ZN (NAND2_X1)                                  0.1150    47.6450 f
  U66630/ZN (AND2_X2)                                   0.2039    47.8489 f
  U66658/ZN (OAI21_X1)                                  0.2389    48.0878 r
  U66660/ZN (XNOR2_X1)                                  0.3547    48.4425 r
  U10357/ZN (INV_X1)                                    0.0738    48.5163 f
  U16874/ZN (NAND4_X1)                                  0.2916    48.8079 r
  U13772/ZN (OAI21_X2)                                  0.1517    48.9595 f
  U10356/ZN (AOI211_X2)                                 0.2359    49.1954 r
  U66745/ZN (INV_X4)                                    0.0827    49.2782 f
  U10355/ZN (INV_X8)                                    0.2528    49.5309 r
  U16850/ZN (AOI21_X1)                                  0.1221    49.6530 f
  U72526/ZN (INV_X1)                                    0.1142    49.7672 r
  accumulate_real_reg[0]/D (DFF_X1)                     0.0000    49.7672 r
  data arrival time                                               49.7672

  clock clk (rise edge)                                50.0000    50.0000
  clock network delay (ideal)                           0.0000    50.0000
  clock uncertainty                                    -0.0500    49.9500
  accumulate_real_reg[0]/CK (DFF_X1)                    0.0000    49.9500 r
  library setup time                                   -0.1812    49.7688
  data required time                                              49.7688
  --------------------------------------------------------------------------
  data required time                                              49.7688
  data arrival time                                              -49.7672
  --------------------------------------------------------------------------
  slack (MET)                                                      0.0016


1
