Information: Updating design information... (UID-85)
 
****************************************
Report : timing
        -path full
        -delay max
        -max_paths 1
Design : MyDesign
Version: T-2022.03-SP4
Date   : Fri Dec  8 16:46:38 2023
****************************************

Operating Conditions: slow   Library: NangateOpenCellLibrary_PDKv1_2_v2008_10_slow_nldm
Wire Load Model Mode: top

  Startpoint: current_state_reg[4]
              (rising edge-triggered flip-flop clocked by clk)
  Endpoint: accumulate_real_reg[0]
            (rising edge-triggered flip-flop clocked by clk)
  Path Group: clk
  Path Type: max

  Point                                                   Incr       Path
  --------------------------------------------------------------------------
  clock clk (rise edge)                                 0.0000     0.0000
  clock network delay (ideal)                           0.0000     0.0000
  current_state_reg[4]/CK (DFF_X2)                      0.0000     0.0000 r
  current_state_reg[4]/Q (DFF_X2)                       0.6413     0.6413 f
  U9342/ZN (NOR2_X1)                                    0.2496     0.8910 r
  U19589/ZN (NAND2_X1)                                  0.0868     0.9777 f
  U19590/ZN (NAND3_X1)                                  0.2135     1.1912 r
  U9350/ZN (NAND2_X1)                                   0.0872     1.2784 f
  U16850/ZN (AND3_X4)                                   0.3459     1.6243 f
  U11004/ZN (INV_X32)                                   0.3132     1.9375 r
  U15033/Z (MUX2_X2)                                    0.9512     2.8888 f
  U10993/ZN (INV_X4)                                    0.1841     3.0729 r
  U14378/ZN (INV_X2)                                    0.1064     3.1792 f
  U19663/ZN (NOR2_X1)                                   0.1516     3.3308 r
  U19664/ZN (NAND3_X1)                                  0.0901     3.4209 f
  U19665/ZN (NOR2_X1)                                   0.2743     3.6952 r
  U14315/ZN (AND4_X1)                                   0.2777     3.9729 r
  U19688/ZN (NAND2_X1)                                  0.1079     4.0808 f
  U15048/ZN (NAND2_X2)                                  0.1343     4.2151 r
  U14275/ZN (INV_X2)                                    0.1294     4.3445 f
  U8880/ZN (INV_X4)                                     0.2232     4.5677 r
  U9635/ZN (XNOR2_X2)                                   0.3047     4.8724 r
  U9079/ZN (OAI22_X1)                                   0.1643     5.0367 f
  U22431/CO (FA_X1)                                     0.5513     5.5880 f
  U22559/CO (FA_X1)                                     0.6507     6.2387 f
  U22546/CO (FA_X1)                                     0.5360     6.7747 f
  U22552/CO (FA_X1)                                     0.6211     7.3958 f
  U22571/CO (FA_X1)                                     0.6017     7.9975 f
  U22575/S (FA_X1)                                      0.7993     8.7968 r
  U22648/S (FA_X1)                                      0.6681     9.4649 f
  U14110/ZN (NAND2_X1)                                  0.1772     9.6421 r
  U22729/ZN (OAI21_X1)                                  0.1239     9.7660 f
  U22730/ZN (AOI21_X1)                                  0.3710    10.1370 r
  U22731/ZN (OAI21_X1)                                  0.1705    10.3075 f
  U13962/ZN (INV_X1)                                    0.1048    10.4122 r
  U16860/ZN (AND2_X4)                                   0.4701    10.8824 r
  U24845/ZN (OAI21_X1)                                  0.1618    11.0442 f
  U24848/ZN (XNOR2_X1)                                  0.3314    11.3756 f
  U25796/ZN (INV_X1)                                    0.1181    11.4937 r
  U25797/ZN (NAND2_X1)                                  0.0632    11.5569 f
  U13807/ZN (AND4_X1)                                   0.4184    11.9753 f
  U13781/ZN (NAND2_X1)                                  0.1191    12.0944 r
  U25816/ZN (NAND4_X1)                                  0.1049    12.1993 f
  U10637/ZN (AND2_X1)                                   0.1754    12.3747 f
  U9177/ZN (NOR4_X1)                                    0.5239    12.8986 r
  U13434/ZN (NAND4_X1)                                  0.1681    13.0668 f
  U25938/ZN (NAND2_X1)                                  0.2100    13.2768 r
  U10559/ZN (NOR2_X1)                                   0.0944    13.3712 f
  U17551/ZN (NAND3_X1)                                  0.1438    13.5150 r
  U13228/ZN (NOR2_X1)                                   0.1337    13.6487 f
  U9527/ZN (NAND2_X2)                                   0.1642    13.8129 r
  U9526/ZN (NOR2_X4)                                    0.0778    13.8907 f
  U10546/ZN (AND2_X1)                                   0.1748    14.0655 f
  U17552/ZN (NAND3_X1)                                  0.1670    14.2325 r
  U10543/ZN (XNOR2_X2)                                  0.3257    14.5582 r
  U10541/ZN (NAND2_X2)                                  0.0802    14.6385 f
  U13182/ZN (NAND3_X2)                                  0.2661    14.9045 r
  U13176/ZN (NAND2_X2)                                  0.1724    15.0770 f
  U13167/ZN (OR2_X1)                                    0.2317    15.3087 f
  U9261/ZN (NAND3_X1)                                   0.3807    15.6894 r
  U10530/ZN (INV_X2)                                    0.1378    15.8272 f
  U10512/ZN (AND2_X2)                                   0.2775    16.1047 f
  U36345/ZN (NOR2_X1)                                   0.2411    16.3458 r
  U15253/ZN (INV_X1)                                    0.0643    16.4101 f
  U18311/ZN (NAND2_X1)                                  0.1274    16.5375 r
  U36365/ZN (OAI21_X1)                                  0.1169    16.6544 f
  U10442/ZN (AOI21_X1)                                  0.3868    17.0412 r
  U12942/ZN (OAI21_X1)                                  0.1360    17.1772 f
  U12932/ZN (AOI21_X2)                                  0.3914    17.5687 r
  U12921/ZN (NAND2_X2)                                  0.1119    17.6805 f
  U10419/ZN (NOR2_X2)                                   0.3086    17.9891 r
  U10412/ZN (INV_X1)                                    0.1460    18.1351 f
  U10409/ZN (AND2_X2)                                   0.2232    18.3583 f
  U10401/ZN (INV_X4)                                    0.2661    18.6244 r
  U36550/ZN (NOR2_X1)                                   0.0950    18.7194 f
  U12857/ZN (NOR2_X1)                                   0.1546    18.8740 r
  U12818/ZN (NAND3_X1)                                  0.1367    19.0107 f
  U14958/ZN (AOI222_X2)                                 0.7057    19.7164 r
  U37133/ZN (NAND2_X1)                                  0.1102    19.8266 f
  U12712/ZN (NAND2_X1)                                  0.2187    20.0453 r
  U37283/ZN (OAI222_X1)                                 0.1982    20.2435 f
  U12657/ZN (NAND2_X1)                                  0.2424    20.4859 r
  U12580/ZN (INV_X1)                                    0.0595    20.5454 f
  U9127/ZN (AOI21_X1)                                   0.4309    20.9763 r
  U9125/ZN (OAI21_X1)                                   0.1823    21.1586 f
  U9397/ZN (AOI21_X2)                                   0.2078    21.3664 r
  U37498/ZN (OAI21_X1)                                  0.1277    21.4942 f
  U12395/ZN (AOI21_X2)                                  0.3556    21.8498 r
  U12391/ZN (INV_X1)                                    0.0706    21.9204 f
  U12382/ZN (NAND3_X1)                                  0.2149    22.1353 r
  U12377/ZN (NAND3_X1)                                  0.1423    22.2776 f
  U37884/ZN (INV_X4)                                    0.2729    22.5505 r
  U16864/ZN (INV_X1)                                    0.0876    22.6380 f
  U12364/ZN (NAND2_X1)                                  0.1545    22.7926 r
  U12356/ZN (NAND3_X1)                                  0.0946    22.8872 f
  U38489/ZN (XNOR2_X1)                                  0.2670    23.1542 r
  U16872/ZN (INV_X1)                                    0.1336    23.2879 f
  U17567/ZN (XNOR2_X1)                                  0.3094    23.5972 f
  U17566/ZN (NOR2_X1)                                   0.2532    23.8504 r
  U38490/ZN (OAI21_X1)                                  0.1483    23.9987 f
  U38491/ZN (AOI21_X1)                                  0.3983    24.3970 r
  U9359/ZN (OAI21_X2)                                   0.1654    24.5624 f
  U38492/ZN (NAND2_X1)                                  0.1466    24.7089 r
  U10225/ZN (NAND3_X2)                                  0.1271    24.8360 f
  U14988/ZN (INV_X4)                                    0.1841    25.0201 r
  U9453/ZN (AND2_X4)                                    0.2302    25.2502 r
  U9452/ZN (AOI21_X1)                                   0.1025    25.3528 f
  U14957/ZN (NAND2_X2)                                  0.1408    25.4936 r
  U38720/ZN (XNOR2_X1)                                  0.3560    25.8496 r
  U38721/ZN (XNOR2_X1)                                  0.3706    26.2201 r
  U10206/ZN (OR2_X1)                                    0.2465    26.4667 r
  U12199/ZN (AOI21_X1)                                  0.0945    26.5611 f
  U12108/ZN (NAND2_X1)                                  0.1709    26.7321 r
  U12101/ZN (NAND2_X1)                                  0.0828    26.8148 f
  U38739/ZN (NAND3_X1)                                  0.1588    26.9736 r
  U38740/ZN (INV_X2)                                    0.0937    27.0673 f
  U38755/ZN (OAI21_X1)                                  0.2412    27.3085 r
  U12017/ZN (XNOR2_X1)                                  0.3813    27.6897 r
  U9364/ZN (NOR2_X2)                                    0.1136    27.8033 f
  U9362/ZN (NAND3_X2)                                   0.1139    27.9172 r
  U19221/ZN (NAND2_X2)                                  0.0836    28.0009 f
  U39000/ZN (INV_X4)                                    0.0757    28.0766 r
  U12007/ZN (NAND2_X2)                                  0.0505    28.1271 f
  U12003/ZN (INV_X2)                                    0.0971    28.2242 r
  U11998/ZN (NAND2_X1)                                  0.0719    28.2961 f
  U14970/ZN (NAND2_X2)                                  0.1691    28.4653 r
  U11992/ZN (NAND2_X2)                                  0.1197    28.5850 f
  U9513/ZN (INV_X8)                                     0.0944    28.6794 r
  U11978/ZN (NAND2_X2)                                  0.0953    28.7747 f
  U10154/ZN (INV_X4)                                    0.2071    28.9819 r
  U42386/ZN (NAND2_X1)                                  0.0913    29.0732 f
  U42388/ZN (NAND4_X1)                                  0.2822    29.3553 r
  U42389/ZN (NAND2_X1)                                  0.1088    29.4642 f
  U11900/ZN (AND4_X1)                                   0.4454    29.9096 f
  U16514/ZN (INV_X1)                                    0.0945    30.0042 r
  U43613/ZN (NAND2_X1)                                  0.0572    30.0613 f
  U43614/ZN (AOI21_X1)                                  0.2542    30.3155 r
  U11836/ZN (OR2_X1)                                    0.2433    30.5589 r
  U43616/ZN (AOI21_X1)                                  0.1039    30.6628 f
  U11800/ZN (NAND2_X1)                                  0.2066    30.8694 r
  U43640/ZN (NAND2_X1)                                  0.1159    30.9853 f
  U17623/ZN (NOR2_X1)                                   0.2574    31.2426 r
  U17622/ZN (NAND2_X1)                                  0.1314    31.3740 f
  U16865/ZN (INV_X1)                                    0.3029    31.6769 r
  U15053/ZN (NAND3_X2)                                  0.2216    31.8985 f
  U44118/ZN (NOR2_X1)                                   0.2266    32.1251 r
  U44119/ZN (XNOR2_X1)                                  0.3169    32.4420 r
  U44120/ZN (NAND2_X1)                                  0.0928    32.5348 f
  U8858/ZN (NAND3_X1)                                   0.2482    32.7830 r
  U9462/ZN (INV_X4)                                     0.0559    32.8390 f
  U11656/ZN (NAND2_X1)                                  0.1115    32.9505 r
  U44234/ZN (OAI21_X1)                                  0.1047    33.0552 f
  U11629/ZN (AOI21_X1)                                  0.3788    33.4340 r
  U44237/ZN (OAI21_X1)                                  0.1559    33.5899 f
  U9442/ZN (INV_X4)                                     0.0796    33.6695 r
  U9366/ZN (OAI211_X2)                                  0.0703    33.7398 f
  U9360/ZN (INV_X4)                                     0.0674    33.8072 r
  U44248/ZN (NOR2_X1)                                   0.0451    33.8523 f
  U11586/ZN (NOR2_X2)                                   0.1232    33.9755 r
  U15063/ZN (NAND2_X2)                                  0.0885    34.0641 f
  U8855/ZN (INV_X8)                                     0.0870    34.1511 r
  U8854/ZN (INV_X16)                                    0.0645    34.2156 f
  U9830/ZN (INV_X32)                                    0.1386    34.3542 r
  U44271/Z (MUX2_X1)                                    0.8417    35.1958 f
  U44272/ZN (NOR3_X1)                                   0.3749    35.5707 r
  U44273/ZN (NAND3_X1)                                  0.1362    35.7069 f
  U44288/ZN (NOR2_X1)                                   0.1539    35.8608 r
  U11444/ZN (AND2_X1)                                   0.1929    36.0537 r
  U17871/ZN (NAND4_X1)                                  0.0940    36.1477 f
  U11433/ZN (NAND2_X2)                                  0.1243    36.2720 r
  U11432/ZN (INV_X2)                                    0.0442    36.3162 f
  U15207/ZN (NAND2_X2)                                  0.1262    36.4423 r
  U11427/ZN (INV_X2)                                    0.0827    36.5250 f
  U44569/ZN (NAND2_X4)                                  0.2769    36.8019 r
  U9606/ZN (OAI22_X2)                                   0.1667    36.9686 f
  U61719/ZN (NOR2_X1)                                   0.3684    37.3371 r
  U61720/ZN (XNOR2_X1)                                  0.3446    37.6817 r
  U61722/ZN (NOR2_X1)                                   0.0993    37.7810 f
  U61723/ZN (NOR2_X1)                                   0.2743    38.0553 r
  U66735/ZN (NAND2_X1)                                  0.0929    38.1482 f
  U66736/ZN (NAND2_X1)                                  0.1323    38.2805 r
  FP_Adder_AccumReal/U1/U1/U2/U1/UEN0_1_3_0/ZN (AOI21_X2)
                                                        0.1042    38.3847 f
  FP_Adder_AccumReal/U1/U1/U2/U1/UEN1_1_4_0/ZN (OAI21_X2)
                                                        0.2034    38.5881 r
  U65108/ZN (NAND2_X1)                                  0.0848    38.6729 f
  U11261/ZN (NAND2_X1)                                  0.1783    38.8512 r
  U65110/ZN (NOR2_X1)                                   0.0862    38.9374 f
  U17867/ZN (OAI21_X1)                                  0.3208    39.2581 r
  U15006/ZN (AOI21_X2)                                  0.1088    39.3670 f
  U11228/ZN (OAI21_X2)                                  0.2382    39.6052 r
  U65143/ZN (INV_X4)                                    0.0954    39.7005 f
  U11223/ZN (INV_X4)                                    0.1090    39.8096 r
  U65144/ZN (NAND2_X1)                                  0.0737    39.8832 f
  U15460/ZN (NAND2_X2)                                  0.1717    40.0549 r
  U9923/ZN (INV_X1)                                     0.1327    40.1876 f
  U9919/ZN (NOR2_X4)                                    0.6057    40.7933 r
  U65923/ZN (NAND2_X1)                                  0.1192    40.9125 f
  U11201/ZN (NAND4_X1)                                  0.3266    41.2391 r
  U65936/ZN (NAND2_X1)                                  0.1073    41.3463 f
  U11191/ZN (NAND4_X1)                                  0.3462    41.6925 r
  U65938/ZN (NAND2_X1)                                  0.1010    41.7935 f
  U65979/ZN (NAND3_X1)                                  0.2177    42.0112 r
  U9868/ZN (OR3_X4)                                     0.2769    42.2881 r
  U11146/ZN (NOR2_X2)                                   0.0673    42.3554 f
  U16669/ZN (NAND2_X2)                                  0.1119    42.4673 r
  U65980/ZN (XNOR2_X1)                                  0.2988    42.7661 r
  U65983/ZN (NAND2_X1)                                  0.1213    42.8874 f
  U11126/ZN (XNOR2_X1)                                  0.2891    43.1765 f
  U11075/ZN (NAND2_X1)                                  0.1794    43.3559 r
  U66005/ZN (OAI21_X1)                                  0.1427    43.4986 f
  U14949/ZN (AOI21_X2)                                  0.4151    43.9137 r
  U19481/ZN (INV_X1)                                    0.0767    43.9904 f
  U11063/ZN (NAND2_X1)                                  0.1150    44.1053 r
  U11061/ZN (NAND2_X1)                                  0.0962    44.2015 f
  U11060/ZN (NAND2_X1)                                  0.1138    44.3153 r
  U66036/ZN (NAND2_X1)                                  0.0861    44.4014 f
  U66039/ZN (XNOR2_X1)                                  0.2463    44.6476 f
  U11058/ZN (INV_X1)                                    0.1268    44.7744 r
  U14992/ZN (NAND4_X2)                                  0.0762    44.8506 f
  U8851/ZN (NAND2_X2)                                   0.1515    45.0021 r
  U14997/ZN (NAND2_X2)                                  0.0866    45.0887 f
  U9854/ZN (AND2_X1)                                    0.1980    45.2867 f
  U14961/ZN (AOI222_X4)                                 0.3008    45.5874 r
  U9587/ZN (INV_X4)                                     0.0397    45.6271 f
  accumulate_real_reg[0]/D (DFF_X1)                     0.0000    45.6271 f
  data arrival time                                               45.6271

  clock clk (rise edge)                                46.0000    46.0000
  clock network delay (ideal)                           0.0000    46.0000
  clock uncertainty                                    -0.0500    45.9500
  accumulate_real_reg[0]/CK (DFF_X1)                    0.0000    45.9500 r
  library setup time                                   -0.3216    45.6284
  data required time                                              45.6284
  --------------------------------------------------------------------------
  data required time                                              45.6284
  data arrival time                                              -45.6271
  --------------------------------------------------------------------------
  slack (MET)                                                      0.0013


1
