 
****************************************
Report : timing
        -path full
        -delay max
        -max_paths 1
Design : MyDesign
Version: T-2022.03-SP4
Date   : Fri Dec  8 15:02:36 2023
****************************************

Operating Conditions: slow   Library: NangateOpenCellLibrary_PDKv1_2_v2008_10_slow_nldm
Wire Load Model Mode: top

  Startpoint: q_gates_sram_read_data[27]
              (input port clocked by clk)
  Endpoint: accumulate_img_reg[49]
            (rising edge-triggered flip-flop clocked by clk)
  Path Group: clk
  Path Type: max

  Point                                                   Incr       Path
  --------------------------------------------------------------------------
  clock clk (rise edge)                                 0.0000     0.0000
  clock network delay (ideal)                           0.0000     0.0000
  input external delay                                  0.6580     0.6580 r
  q_gates_sram_read_data[27] (in)                       0.0416     0.6996 r
  U12165/ZN (INV_X2)                                    0.0872     0.7869 f
  U21587/ZN (INV_X4)                                    0.5875     1.3743 r
  U23323/ZN (NOR2_X1)                                   0.1753     1.5496 f
  U17653/ZN (AND4_X1)                                   0.4645     2.0141 f
  U12080/ZN (NAND3_X2)                                  0.1594     2.1736 r
  U17602/ZN (NAND2_X4)                                  0.1169     2.2905 f
  U18538/ZN (XNOR2_X2)                                  0.2665     2.5570 f
  U9216/ZN (INV_X4)                                     0.4088     2.9658 r
  U20241/ZN (NOR2_X1)                                   0.1077     3.0735 f
  U9093/ZN (AOI21_X1)                                   0.7092     3.7827 r
  U39601/S (FA_X1)                                      0.9004     4.6831 f
  U39603/CO (FA_X1)                                     0.5985     5.2816 f
  U39663/S (FA_X1)                                      0.6886     5.9702 f
  U39723/CO (FA_X1)                                     0.5159     6.4862 f
  U39796/S (FA_X1)                                      0.7993     7.2855 r
  U39800/S (FA_X1)                                      0.6681     7.9536 f
  U17000/ZN (NAND2_X1)                                  0.1741     8.1277 r
  U16926/ZN (INV_X1)                                    0.0602     8.1879 f
  U16907/ZN (NAND2_X1)                                  0.1411     8.3291 r
  U21560/ZN (NAND2_X1)                                  0.0985     8.4276 f
  U21559/ZN (INV_X1)                                    0.1099     8.5374 r
  U40141/ZN (OAI21_X1)                                  0.0786     8.6160 f
  U40142/ZN (AOI21_X1)                                  0.3675     8.9836 r
  U40143/ZN (OAI21_X1)                                  0.1800     9.1636 f
  U16647/ZN (AOI21_X2)                                  0.7151     9.8787 r
  U40430/ZN (OAI21_X1)                                  0.1600    10.0387 f
  U40431/ZN (AOI21_X1)                                  0.4091    10.4479 r
  U20673/ZN (OAI21_X1)                                  0.1828    10.6306 f
  U11610/ZN (XNOR2_X1)                                  0.4870    11.1176 r
  U41508/ZN (NAND2_X1)                                  0.1127    11.2303 f
  U19329/ZN (AND2_X1)                                   0.2592    11.4895 f
  U41511/ZN (NAND3_X1)                                  0.1877    11.6772 r
  U26554/ZN (INV_X1)                                    0.0763    11.7535 f
  U42143/ZN (AOI21_X1)                                  0.1915    11.9450 r
  U42144/ZN (NAND3_X1)                                  0.1396    12.0846 f
  U42428/ZN (OAI22_X1)                                  0.3952    12.4797 r
  U42433/ZN (NOR3_X1)                                   0.1262    12.6059 f
  U42436/ZN (NAND3_X1)                                  0.1676    12.7736 r
  U11489/ZN (INV_X1)                                    0.0968    12.8704 f
  U15657/ZN (NOR2_X1)                                   0.2362    13.1065 r
  U19397/ZN (NAND2_X1)                                  0.0993    13.2058 f
  U15552/ZN (NOR2_X1)                                   0.2718    13.4777 r
  U18302/ZN (AND2_X1)                                   0.1802    13.6578 r
  U18301/ZN (AND3_X4)                                   0.3429    14.0007 r
  U19882/ZN (NAND2_X1)                                  0.1063    14.1070 f
  U15379/ZN (XNOR2_X1)                                  0.2448    14.3518 r
  U21024/ZN (NAND2_X1)                                  0.0952    14.4470 f
  U15323/ZN (NAND2_X1)                                  0.2168    14.6639 r
  U11356/ZN (INV_X1)                                    0.0943    14.7581 f
  U15030/ZN (NOR2_X1)                                   0.2465    15.0047 r
  U43498/ZN (OAI21_X1)                                  0.1092    15.1139 f
  U43499/ZN (AOI21_X1)                                  0.3673    15.4812 r
  U43500/ZN (OAI21_X1)                                  0.1714    15.6526 f
  U15006/ZN (AOI21_X1)                                  0.4107    16.0633 r
  U11284/ZN (NAND2_X2)                                  0.1090    16.1723 f
  U18531/ZN (NAND2_X2)                                  0.2296    16.4019 r
  U18530/ZN (NAND3_X4)                                  0.1912    16.5930 f
  U9999/ZN (INV_X32)                                    0.2189    16.8119 r
  U18289/ZN (INV_X32)                                   0.0892    16.9011 f
  U10000/ZN (INV_X4)                                    0.0808    16.9819 r
  U43726/Z (MUX2_X1)                                    0.8035    17.7854 f
  U21228/ZN (INV_X1)                                    0.1442    17.9295 r
  U43728/ZN (NAND3_X1)                                  0.0967    18.0262 f
  U43729/ZN (NOR2_X1)                                   0.2006    18.2268 r
  U11246/ZN (AND2_X1)                                   0.1885    18.4153 r
  U18202/ZN (NAND4_X2)                                  0.1308    18.5461 f
  U14802/ZN (INV_X2)                                    0.0982    18.6443 r
  U18201/ZN (NAND2_X2)                                  0.0648    18.7091 f
  U9836/ZN (NAND3_X2)                                   0.1356    18.8446 r
  U18863/ZN (NOR2_X2)                                   0.0875    18.9321 f
  U14684/ZN (NAND2_X1)                                  0.2210    19.1531 r
  U44217/ZN (OR2_X1)                                    0.1870    19.3401 r
  U44218/ZN (NAND3_X1)                                  0.1249    19.4650 f
  U44219/ZN (NAND2_X1)                                  0.1351    19.6001 r
  U44220/ZN (OAI21_X1)                                  0.1357    19.7358 f
  U14362/ZN (AND2_X1)                                   0.2458    19.9815 f
  U14323/ZN (NOR2_X1)                                   0.1737    20.1552 r
  U21226/ZN (INV_X1)                                    0.0611    20.2163 f
  U14279/ZN (NAND2_X1)                                  0.1419    20.3582 r
  U14252/ZN (NAND2_X1)                                  0.0740    20.4322 f
  FP_Adder1/U1/U1/U2/U1/UEN0_1_3_0/ZN (AOI21_X1)        0.3666    20.7989 r
  FP_Adder1/U1/U1/U2/U1/UEN1_1_4_0/ZN (OAI21_X1)        0.1239    20.9228 f
  U11091/ZN (AND2_X1)                                   0.1860    21.1088 f
  U18186/ZN (NOR2_X2)                                   0.1380    21.2467 r
  U14182/ZN (NAND2_X1)                                  0.0799    21.3267 f
  U14177/ZN (NAND3_X1)                                  0.1683    21.4950 r
  U14144/ZN (NAND2_X1)                                  0.0851    21.5801 f
  U14129/ZN (NAND2_X1)                                  0.1372    21.7173 r
  U11068/ZN (NAND3_X2)                                  0.0807    21.7980 f
  U18218/ZN (NAND2_X2)                                  0.1534    21.9514 r
  U14060/ZN (NAND2_X4)                                  0.1165    22.0679 f
  U14053/ZN (INV_X2)                                    0.0987    22.1666 r
  U14032/ZN (NAND2_X1)                                  0.0677    22.2343 f
  U18306/ZN (NAND2_X2)                                  0.1269    22.3612 r
  U14011/ZN (INV_X2)                                    0.0590    22.4202 f
  U14003/ZN (NAND2_X1)                                  0.2214    22.6416 r
  U18814/ZN (INV_X4)                                    0.0668    22.7085 f
  U10104/ZN (INV_X8)                                    0.1208    22.8292 r
  U10105/ZN (INV_X32)                                   0.0562    22.8854 f
  U13980/ZN (NAND2_X1)                                  0.0959    22.9813 r
  U11025/ZN (AND2_X1)                                   0.1697    23.1510 r
  U13932/ZN (NAND3_X1)                                  0.1298    23.2808 f
  U19937/ZN (NAND2_X1)                                  0.1448    23.4256 r
  U10354/ZN (NAND2_X2)                                  0.0884    23.5140 f
  U10353/ZN (OAI21_X2)                                  0.1800    23.6940 r
  U13873/ZN (INV_X2)                                    0.0687    23.7627 f
  U18800/ZN (NAND2_X2)                                  0.1344    23.8972 r
  U11003/ZN (NAND2_X2)                                  0.0882    23.9854 f
  U10999/ZN (INV_X1)                                    0.0964    24.0818 r
  U18307/ZN (NAND2_X2)                                  0.0912    24.1730 f
  U13779/ZN (XNOR2_X1)                                  0.2514    24.4244 f
  U10141/ZN (AOI21_X2)                                  0.2279    24.6523 r
  U10140/ZN (NAND2_X4)                                  0.0882    24.7405 f
  U13692/ZN (INV_X1)                                    0.1833    24.9238 r
  U10249/ZN (AOI21_X4)                                  0.0987    25.0225 f
  U10197/ZN (OAI21_X4)                                  0.1854    25.2079 r
  U18305/ZN (NAND2_X2)                                  0.0747    25.2826 f
  U18304/ZN (NAND2_X2)                                  0.1567    25.4393 r
  U13616/ZN (NAND3_X1)                                  0.1040    25.5433 f
  U22021/ZN (NAND2_X2)                                  0.1321    25.6754 r
  U10948/ZN (XNOR2_X1)                                  0.3095    25.9849 r
  U10943/ZN (INV_X1)                                    0.0707    26.0555 f
  U13600/ZN (AND2_X2)                                   0.2216    26.2771 f
  U18185/ZN (NAND4_X2)                                  0.1660    26.4431 r
  U18184/ZN (NAND2_X2)                                  0.1071    26.5503 f
  U13586/ZN (NAND2_X2)                                  0.1709    26.7212 r
  U10217/ZN (NAND2_X4)                                  0.1049    26.8261 f
  U10935/ZN (INV_X8)                                    0.1840    27.0100 r
  U21897/ZN (NAND2_X1)                                  0.0859    27.0960 f
  U46442/ZN (NAND2_X1)                                  0.1451    27.2411 r
  U10916/ZN (INV_X1)                                    0.0893    27.3304 f
  U46443/ZN (NOR2_X1)                                   0.1912    27.5216 r
  U46463/ZN (OAI21_X1)                                  0.1092    27.6308 f
  U46464/ZN (AOI21_X1)                                  0.3673    27.9981 r
  U46465/ZN (OAI21_X1)                                  0.1716    28.1697 f
  U13381/ZN (NAND2_X1)                                  0.1486    28.3183 r
  U10843/ZN (NAND4_X2)                                  0.1306    28.4489 f
  U18536/ZN (NAND2_X2)                                  0.1422    28.5910 r
  U18535/ZN (NAND3_X4)                                  0.1658    28.7569 f
  U18203/ZN (INV_X32)                                   0.1716    28.9284 r
  U22195/Z (MUX2_X2)                                    0.8637    29.7921 f
  U13245/ZN (NAND4_X1)                                  0.3462    30.1383 r
  U9618/ZN (NOR3_X1)                                    0.1487    30.2871 f
  U9599/ZN (NAND2_X1)                                   0.1688    30.4559 r
  U18761/ZN (NOR2_X2)                                   0.0760    30.5319 f
  U13089/ZN (INV_X2)                                    0.0779    30.6097 r
  U18212/ZN (NAND2_X2)                                  0.0570    30.6668 f
  U13048/ZN (INV_X1)                                    0.1269    30.7936 r
  U10752/ZN (NAND2_X2)                                  0.0807    30.8743 f
  U18211/ZN (NOR2_X2)                                   0.1407    31.0151 r
  U22225/ZN (NAND2_X2)                                  0.1416    31.1566 f
  U71795/ZN (OAI222_X1)                                 0.8359    31.9925 r
  U76122/ZN (XNOR2_X1)                                  0.1778    32.1703 f
  U12944/ZN (AND2_X1)                                   0.2970    32.4674 f
  FP_Adder_AccumImg/U1/U1/U2/U1/UORT0_1_8/ZN (NOR2_X1)
                                                        0.1783    32.6457 r
  U12900/ZN (AND2_X1)                                   0.1731    32.8188 r
  U71710/ZN (NAND2_X1)                                  0.0586    32.8774 f
  U10682/ZN (OAI21_X1)                                  0.2841    33.1615 r
  U22148/ZN (AOI21_X2)                                  0.1335    33.2950 f
  U10676/ZN (NAND2_X1)                                  0.1216    33.4166 r
  U12776/ZN (NAND2_X1)                                  0.0754    33.4921 f
  U10666/ZN (OAI22_X1)                                  0.2412    33.7333 r
  U18802/ZN (NAND3_X2)                                  0.1130    33.8463 f
  U18801/ZN (NAND3_X2)                                  0.3407    34.1870 r
  U18789/ZN (INV_X4)                                    0.0802    34.2672 f
  U12729/ZN (NAND2_X1)                                  0.1355    34.4027 r
  U18208/ZN (NAND2_X2)                                  0.1080    34.5107 f
  U10655/ZN (AND2_X4)                                   0.2437    34.7544 f
  U9592/ZN (INV_X1)                                     0.2513    35.0057 r
  U72075/ZN (OR2_X1)                                    0.1910    35.1966 r
  U10647/ZN (NAND4_X1)                                  0.1518    35.3484 f
  U12656/ZN (NAND2_X1)                                  0.1213    35.4697 r
  U12615/ZN (NAND2_X1)                                  0.0740    35.5437 f
  U72093/ZN (AOI21_X1)                                  0.3865    35.9301 r
  U12552/ZN (INV_X2)                                    0.0506    35.9807 f
  U9615/ZN (NAND2_X1)                                   0.1611    36.1418 r
  U18276/ZN (NAND3_X2)                                  0.1438    36.2856 f
  U12502/ZN (NAND2_X2)                                  0.2998    36.5854 r
  U10618/ZN (INV_X4)                                    0.1671    36.7525 f
  U72351/ZN (NAND2_X1)                                  0.1316    36.8842 r
  U10611/ZN (NAND3_X1)                                  0.1289    37.0131 f
  U12435/ZN (NAND2_X1)                                  0.1305    37.1436 r
  U10587/ZN (INV_X1)                                    0.0583    37.2019 f
  U9659/ZN (AOI21_X1)                                   0.4796    37.6815 r
  U72362/Z (XOR2_X1)                                    0.5334    38.2149 r
  U10562/ZN (OR3_X1)                                    0.2254    38.4404 r
  U12372/ZN (NOR2_X1)                                   0.0524    38.4927 f
  U12362/ZN (NAND3_X1)                                  0.2451    38.7378 r
  U22020/ZN (NOR2_X2)                                   0.0761    38.8139 f
  U18300/ZN (NAND4_X2)                                  0.1329    38.9468 r
  U12340/ZN (NAND2_X2)                                  0.1077    39.0545 f
  U12339/ZN (AOI21_X2)                                  0.2568    39.3113 r
  U10162/ZN (NAND2_X2)                                  0.2071    39.5184 f
  U76004/ZN (OAI21_X1)                                  0.2595    39.7779 r
  accumulate_img_reg[49]/D (DFF_X1)                     0.0000    39.7779 r
  data arrival time                                               39.7779

  clock clk (rise edge)                                40.0000    40.0000
  clock network delay (ideal)                           0.0000    40.0000
  clock uncertainty                                    -0.0500    39.9500
  accumulate_img_reg[49]/CK (DFF_X1)                    0.0000    39.9500 r
  library setup time                                   -0.2409    39.7091
  data required time                                              39.7091
  --------------------------------------------------------------------------
  data required time                                              39.7091
  data arrival time                                              -39.7779
  --------------------------------------------------------------------------
  slack (VIOLATED)                                                -0.0688


1
